2026-05-04 13:05:06,140 INFO o.a.j.u.JMeterUtils: Setting Locale to en_EN
2026-05-04 13:05:06,156 INFO o.a.j.JMeter: Loading user properties from: /opt/homebrew/Cellar/jmeter/5.6.3/libexec/bin/user.properties
2026-05-04 13:05:06,157 INFO o.a.j.JMeter: Loading system properties from: /opt/homebrew/Cellar/jmeter/5.6.3/libexec/bin/system.properties
2026-05-04 13:05:06,157 INFO o.a.j.JMeter: Setting JMeter property: THREADS=100
2026-05-04 13:05:06,157 INFO o.a.j.JMeter: Setting JMeter property: DURATION=60
2026-05-04 13:05:06,157 INFO o.a.j.JMeter: Setting JMeter property: RAMPUP=10
2026-05-04 13:05:06,157 INFO o.a.j.JMeter: Setting JMeter property: HOST_JOBS=localhost
2026-05-04 13:05:06,157 INFO o.a.j.JMeter: Setting JMeter property: PORT_JOBS=8002
2026-05-04 13:05:06,157 INFO o.a.j.JMeter: Setting JMeter property: HOST_ANALYTICS=localhost
2026-05-04 13:05:06,157 INFO o.a.j.JMeter: Setting JMeter property: PORT_ANALYTICS=8005
2026-05-04 13:05:06,162 INFO o.a.j.JMeter: Copyright (c) 1998-2024 The Apache Software Foundation
2026-05-04 13:05:06,163 INFO o.a.j.JMeter: Version 5.6.3
2026-05-04 13:05:06,163 INFO o.a.j.JMeter: java.version=21.0.11
2026-05-04 13:05:06,163 INFO o.a.j.JMeter: java.vm.name=OpenJDK 64-Bit Server VM
2026-05-04 13:05:06,163 INFO o.a.j.JMeter: os.name=Mac OS X
2026-05-04 13:05:06,163 INFO o.a.j.JMeter: os.arch=aarch64
2026-05-04 13:05:06,163 INFO o.a.j.JMeter: os.version=15.0
2026-05-04 13:05:06,163 INFO o.a.j.JMeter: file.encoding=UTF-8
2026-05-04 13:05:06,163 INFO o.a.j.JMeter: java.awt.headless=true
2026-05-04 13:05:06,163 INFO o.a.j.JMeter: Max memory     =1073741824
2026-05-04 13:05:06,163 INFO o.a.j.JMeter: Available Processors =8
2026-05-04 13:05:06,174 INFO o.a.j.JMeter: Default Locale=English (EN)
2026-05-04 13:05:06,174 INFO o.a.j.JMeter: JMeter  Locale=English (EN)
2026-05-04 13:05:06,174 INFO o.a.j.JMeter: JMeterHome=/opt/homebrew/Cellar/jmeter/5.6.3/libexec
2026-05-04 13:05:06,174 INFO o.a.j.JMeter: user.dir  =/Users/nishusharma/Desktop/LinkedIn-Simulation
2026-05-04 13:05:06,174 INFO o.a.j.JMeter: PWD       =/Users/nishusharma/Desktop/LinkedIn-Simulation
2026-05-04 13:05:06,183 INFO o.a.j.JMeter: IP: 192.168.1.159 Name: Mac.attlocal.net FullName: mac.attlocal.net
2026-05-04 13:05:06,193 INFO o.a.j.JMeter: Setting property 'jmeter.reportgenerator.outputdir' to:'/Users/nishusharma/Desktop/LinkedIn-Simulation/jmeter/report_BSKO2'
2026-05-04 13:05:06,196 INFO o.a.j.s.FileServer: Default base='/Users/nishusharma/Desktop/LinkedIn-Simulation'
2026-05-04 13:05:06,197 INFO o.a.j.s.FileServer: Set new base='/Users/nishusharma/Desktop/LinkedIn-Simulation/jmeter'
2026-05-04 13:05:06,312 INFO o.a.j.s.SaveService: Testplan (JMX) version: 2.2. Testlog (JTL) version: 2.2
2026-05-04 13:05:06,333 INFO o.a.j.s.SaveService: Using SaveService properties version 5.0
2026-05-04 13:05:06,334 INFO o.a.j.s.SaveService: Using SaveService properties file encoding UTF-8
2026-05-04 13:05:06,335 INFO o.a.j.s.SaveService: Loading file: jmeter/linkedin_test_v2.jmx
2026-05-04 13:05:06,391 INFO o.a.j.p.h.s.HTTPSamplerBase: Parser for text/html is org.apache.jmeter.protocol.http.parser.LagartoBasedHtmlParser
2026-05-04 13:05:06,391 INFO o.a.j.p.h.s.HTTPSamplerBase: Parser for application/xhtml+xml is org.apache.jmeter.protocol.http.parser.LagartoBasedHtmlParser
2026-05-04 13:05:06,391 INFO o.a.j.p.h.s.HTTPSamplerBase: Parser for application/xml is org.apache.jmeter.protocol.http.parser.LagartoBasedHtmlParser
2026-05-04 13:05:06,391 INFO o.a.j.p.h.s.HTTPSamplerBase: Parser for text/xml is org.apache.jmeter.protocol.http.parser.LagartoBasedHtmlParser
2026-05-04 13:05:06,391 INFO o.a.j.p.h.s.HTTPSamplerBase: Parser for text/vnd.wap.wml is org.apache.jmeter.protocol.http.parser.RegexpHTMLParser
2026-05-04 13:05:06,391 INFO o.a.j.p.h.s.HTTPSamplerBase: Parser for text/css is org.apache.jmeter.protocol.http.parser.CssParser
2026-05-04 13:05:06,408 INFO o.a.j.JMeter: Creating summariser <summary>
2026-05-04 13:05:06,410 INFO o.a.j.r.d.ReportGenerator: ReportGenerator will use for Parsing the separator: ','
2026-05-04 13:05:06,410 INFO o.a.j.r.d.ReportGenerator: Will generate report at end of test from  results file: jmeter/results_BSKO2.jtl
2026-05-04 13:05:06,410 INFO o.a.j.r.d.ReportGenerator: Reading report generator properties from: /opt/homebrew/Cellar/jmeter/5.6.3/libexec/bin/reportgenerator.properties
2026-05-04 13:05:06,411 INFO o.a.j.r.d.ReportGenerator: Merging with JMeter properties
2026-05-04 13:05:06,413 INFO o.a.j.r.c.ReportGeneratorConfiguration: Property 'jmeter.reportgenerator.temp_dir' not found, using default value 'temp' instead.
2026-05-04 13:05:06,413 INFO o.a.j.r.c.ReportGeneratorConfiguration: Property 'jmeter.reportgenerator.apdex_per_transaction' not found, using default value 'null' instead.
2026-05-04 13:05:06,414 INFO o.a.j.r.c.ReportGeneratorConfiguration: apdex_per_transaction is empty, not APDEX per transaction customization
2026-05-04 13:05:06,414 INFO o.a.j.r.c.ReportGeneratorConfiguration: Property 'jmeter.reportgenerator.sample_filter' not found, using default value 'null' instead.
2026-05-04 13:05:06,414 INFO o.a.j.r.c.ReportGeneratorConfiguration: Property 'jmeter.reportgenerator.report_title' not found, using default value 'null' instead.
2026-05-04 13:05:06,414 INFO o.a.j.r.c.ReportGeneratorConfiguration: Property 'jmeter.reportgenerator.start_date' not found, using default value 'null' instead.
2026-05-04 13:05:06,414 INFO o.a.j.r.c.ReportGeneratorConfiguration: Property 'jmeter.reportgenerator.end_date' not found, using default value 'null' instead.
2026-05-04 13:05:06,414 INFO o.a.j.r.c.ReportGeneratorConfiguration: Property 'jmeter.reportgenerator.date_format' not found, using default value 'null' instead.
2026-05-04 13:05:06,414 INFO o.a.j.r.c.ReportGeneratorConfiguration: Will use date range start date: null, end date: null
2026-05-04 13:05:06,416 INFO o.a.j.r.c.ReportGeneratorConfiguration: Property 'jmeter.reportgenerator.graph.totalTPS.exclude_controllers' not found, using default value 'false' instead.
2026-05-04 13:05:06,416 INFO o.a.j.r.c.ReportGeneratorConfiguration: Property 'jmeter.reportgenerator.graph.activeThreadsOverTime.exclude_controllers' not found, using default value 'false' instead.
2026-05-04 13:05:06,416 INFO o.a.j.r.c.ReportGeneratorConfiguration: Property 'jmeter.reportgenerator.graph.timeVsThreads.exclude_controllers' not found, using default value 'false' instead.
2026-05-04 13:05:06,416 INFO o.a.j.r.c.ReportGeneratorConfiguration: Property 'jmeter.reportgenerator.graph.responseTimeDistribution.exclude_controllers' not found, using default value 'false' instead.
2026-05-04 13:05:06,416 INFO o.a.j.r.c.ReportGeneratorConfiguration: Property 'jmeter.reportgenerator.graph.transactionsPerSecond.exclude_controllers' not found, using default value 'false' instead.
2026-05-04 13:05:06,416 INFO o.a.j.r.c.ReportGeneratorConfiguration: Property 'jmeter.reportgenerator.graph.responseTimePercentiles.exclude_controllers' not found, using default value 'false' instead.
2026-05-04 13:05:06,416 INFO o.a.j.r.c.ReportGeneratorConfiguration: Property 'jmeter.reportgenerator.graph.responseTimePercentilesOverTime.exclude_controllers' not found, using default value 'false' instead.
2026-05-04 13:05:06,416 INFO o.a.j.r.c.ReportGeneratorConfiguration: Property 'jmeter.reportgenerator.graph.responseTimesOverTime.exclude_controllers' not found, using default value 'false' instead.
2026-05-04 13:05:06,416 INFO o.a.j.r.c.ReportGeneratorConfiguration: Property 'jmeter.reportgenerator.graph.connectTimeOverTime.exclude_controllers' not found, using default value 'false' instead.
2026-05-04 13:05:06,416 INFO o.a.j.r.c.ReportGeneratorConfiguration: Property 'jmeter.reportgenerator.graph.latenciesOverTime.exclude_controllers' not found, using default value 'false' instead.
2026-05-04 13:05:06,417 INFO o.a.j.r.c.ReportGeneratorConfiguration: Property 'jmeter.reportgenerator.exporter.json.filters_only_sample_series' not found, using default value 'true' instead.
2026-05-04 13:05:06,417 INFO o.a.j.r.c.ReportGeneratorConfiguration: Property 'jmeter.reportgenerator.exporter.json.series_filter' not found, using default value '' instead.
2026-05-04 13:05:06,417 INFO o.a.j.r.c.ReportGeneratorConfiguration: Property 'jmeter.reportgenerator.exporter.json.show_controllers_only' not found, using default value 'false' instead.
2026-05-04 13:05:06,417 INFO o.a.j.r.c.ReportGeneratorConfiguration: Property 'jmeter.reportgenerator.exporter.html.filters_only_sample_series' not found, using default value 'true' instead.
2026-05-04 13:05:06,417 INFO o.a.j.r.c.ReportGeneratorConfiguration: Property 'jmeter.reportgenerator.exporter.html.series_filter' not found, using default value '' instead.
2026-05-04 13:05:06,417 INFO o.a.j.r.c.ReportGeneratorConfiguration: Property 'jmeter.reportgenerator.exporter.html.show_controllers_only' not found, using default value 'false' instead.
2026-05-04 13:05:06,425 INFO o.a.j.e.StandardJMeterEngine: Running the test!
2026-05-04 13:05:06,425 INFO o.a.j.s.SampleEvent: List of sample_variables: []
2026-05-04 13:05:06,425 INFO o.a.j.s.SampleEvent: List of sample_variables: []
2026-05-04 13:05:06,427 INFO o.a.j.e.u.CompoundVariable: Note: Function class names must contain the string: '.functions.'
2026-05-04 13:05:06,428 INFO o.a.j.e.u.CompoundVariable: Note: Function class names must not contain the string: '.gui.'
2026-05-04 13:05:06,451 INFO o.a.j.r.ClassFinder: Will scan jar /opt/homebrew/Cellar/jmeter/5.6.3/libexec/lib/ext/jmeter-plugins-manager-1.9.jar with filter ExtendsClassFilter [parents=[interface org.apache.jmeter.functions.Function], inner=false, contains=null, notContains=null]. Consider exposing JMeter plugins via META-INF/services, and add JMeter-Skip-Class-Scanning=true manifest attribute so JMeter can skip classfile scanning
2026-05-04 13:05:06,646 INFO o.a.j.JMeter: Running test (1777925106646)
2026-05-04 13:05:06,657 INFO o.a.j.e.StandardJMeterEngine: Starting ThreadGroup: 1 : Scenario A - Job Search and Detail View
2026-05-04 13:05:06,657 INFO o.a.j.e.StandardJMeterEngine: Starting 100 threads for group Scenario A - Job Search and Detail View.
2026-05-04 13:05:06,657 INFO o.a.j.e.StandardJMeterEngine: Thread will continue on error
2026-05-04 13:05:06,657 INFO o.a.j.t.ThreadGroup: Starting thread group... number=1 threads=100 ramp-up=10 delayedStart=false
2026-05-04 13:05:06,668 INFO o.a.j.t.JMeterThread: Thread started: Scenario A - Job Search and Detail View 1-1
2026-05-04 13:05:06,668 INFO o.a.j.s.FileServer: Stored: job_ids.csv
2026-05-04 13:05:06,688 INFO o.a.j.t.ThreadGroup: Started thread group number 1
2026-05-04 13:05:06,688 INFO o.a.j.e.StandardJMeterEngine: Starting ThreadGroup: 2 : Scenario B - Analytics Ingest and Job Write
2026-05-04 13:05:06,688 INFO o.a.j.e.StandardJMeterEngine: Starting 100 threads for group Scenario B - Analytics Ingest and Job Write.
2026-05-04 13:05:06,688 INFO o.a.j.e.StandardJMeterEngine: Thread will continue on error
2026-05-04 13:05:06,688 INFO o.a.j.t.ThreadGroup: Starting thread group... number=2 threads=100 ramp-up=10 delayedStart=false
2026-05-04 13:05:06,689 INFO o.a.j.t.JMeterThread: Thread started: Scenario B - Analytics Ingest and Job Write 2-1
2026-05-04 13:05:06,705 INFO o.a.j.t.ThreadGroup: Started thread group number 2
2026-05-04 13:05:06,705 INFO o.a.j.e.StandardJMeterEngine: All thread groups have been started
2026-05-04 13:05:06,769 INFO o.a.j.t.JMeterThread: Thread started: Scenario A - Job Search and Detail View 1-2
2026-05-04 13:05:06,794 INFO o.a.j.t.JMeterThread: Thread started: Scenario B - Analytics Ingest and Job Write 2-2
2026-05-04 13:05:06,870 INFO o.a.j.t.JMeterThread: Thread started: Scenario A - Job Search and Detail View 1-3
2026-05-04 13:05:06,891 INFO o.a.j.t.JMeterThread: Thread started: Scenario B - Analytics Ingest and Job Write 2-3
2026-05-04 13:05:06,968 INFO o.a.j.t.JMeterThread: Thread started: Scenario A - Job Search and Detail View 1-4
2026-05-04 13:05:06,993 INFO o.a.j.t.JMeterThread: Thread started: Scenario B - Analytics Ingest and Job Write 2-4
2026-05-04 13:05:07,061 INFO o.a.j.p.h.s.HTTPHCAbstractImpl: Local host = Mac.attlocal.net
2026-05-04 13:05:07,066 INFO o.a.j.p.h.s.HTTPHC4Impl: HTTP request retry count = 0
2026-05-04 13:05:07,067 INFO o.a.j.s.SampleResult: Note: Sample TimeStamps are START times
2026-05-04 13:05:07,067 INFO o.a.j.s.SampleResult: sampleresult.default.encoding is set to UTF-8
2026-05-04 13:05:07,067 INFO o.a.j.s.SampleResult: sampleresult.useNanoTime=true
2026-05-04 13:05:07,067 INFO o.a.j.s.SampleResult: sampleresult.nanoThreadSleep=5000
2026-05-04 13:05:07,070 INFO o.a.j.t.JMeterThread: Thread started: Scenario A - Job Search and Detail View 1-5
2026-05-04 13:05:07,094 INFO o.a.j.t.JMeterThread: Thread started: Scenario B - Analytics Ingest and Job Write 2-5
2026-05-04 13:05:07,165 INFO o.a.j.t.JMeterThread: Thread started: Scenario A - Job Search and Detail View 1-6
2026-05-04 13:05:07,195 INFO o.a.j.t.JMeterThread: Thread started: Scenario B - Analytics Ingest and Job Write 2-6
2026-05-04 13:05:07,266 INFO o.a.j.t.JMeterThread: Thread started: Scenario A - Job Search and Detail View 1-7
2026-05-04 13:05:07,292 INFO o.a.j.t.JMeterThread: Thread started: Scenario B - Analytics Ingest and Job Write 2-7
2026-05-04 13:05:07,369 INFO o.a.j.t.JMeterThread: Thread started: Scenario A - Job Search and Detail View 1-8
2026-05-04 13:05:07,394 INFO o.a.j.t.JMeterThread: Thread started: Scenario B - Analytics Ingest and Job Write 2-8
2026-05-04 13:05:07,468 INFO o.a.j.t.JMeterThread: Thread started: Scenario A - Job Search and Detail View 1-9
2026-05-04 13:05:07,490 INFO o.a.j.t.JMeterThread: Thread started: Scenario B - Analytics Ingest and Job Write 2-9
2026-05-04 13:05:07,566 INFO o.a.j.t.JMeterThread: Thread started: Scenario A - Job Search and Detail View 1-10
2026-05-04 13:05:07,590 INFO o.a.j.t.JMeterThread: Thread started: Scenario B - Analytics Ingest and Job Write 2-10
2026-05-04 13:05:07,665 INFO o.a.j.t.JMeterThread: Thread started: Scenario A - Job Search and Detail View 1-11
2026-05-04 13:05:07,694 INFO o.a.j.t.JMeterThread: Thread started: Scenario B - Analytics Ingest and Job Write 2-11
2026-05-04 13:05:07,768 INFO o.a.j.t.JMeterThread: Thread started: Scenario A - Job Search and Detail View 1-12
2026-05-04 13:05:07,794 INFO o.a.j.t.JMeterThread: Thread started: Scenario B - Analytics Ingest and Job Write 2-12
2026-05-04 13:05:07,863 INFO o.a.j.t.JMeterThread: Thread started: Scenario A - Job Search and Detail View 1-13
2026-05-04 13:05:07,890 INFO o.a.j.t.JMeterThread: Thread started: Scenario B - Analytics Ingest and Job Write 2-13
2026-05-04 13:05:07,961 INFO o.a.j.t.JMeterThread: Thread started: Scenario A - Job Search and Detail View 1-14
2026-05-04 13:05:07,991 INFO o.a.j.t.JMeterThread: Thread started: Scenario B - Analytics Ingest and Job Write 2-14
2026-05-04 13:05:08,064 INFO o.a.j.t.JMeterThread: Thread started: Scenario A - Job Search and Detail View 1-15
2026-05-04 13:05:08,092 INFO o.a.j.t.JMeterThread: Thread started: Scenario B - Analytics Ingest and Job Write 2-15
2026-05-04 13:05:08,166 INFO o.a.j.t.JMeterThread: Thread started: Scenario A - Job Search and Detail View 1-16
2026-05-04 13:05:08,190 INFO o.a.j.t.JMeterThread: Thread started: Scenario B - Analytics Ingest and Job Write 2-16
2026-05-04 13:05:08,261 INFO o.a.j.t.JMeterThread: Thread started: Scenario A - Job Search and Detail View 1-17
2026-05-04 13:05:08,291 INFO o.a.j.t.JMeterThread: Thread started: Scenario B - Analytics Ingest and Job Write 2-17
2026-05-04 13:05:08,361 INFO o.a.j.t.JMeterThread: Thread started: Scenario A - Job Search and Detail View 1-18
2026-05-04 13:05:08,392 INFO o.a.j.t.JMeterThread: Thread started: Scenario B - Analytics Ingest and Job Write 2-18
2026-05-04 13:05:08,463 INFO o.a.j.t.JMeterThread: Thread started: Scenario A - Job Search and Detail View 1-19
2026-05-04 13:05:08,490 INFO o.a.j.t.JMeterThread: Thread started: Scenario B - Analytics Ingest and Job Write 2-19
2026-05-04 13:05:08,562 INFO o.a.j.t.JMeterThread: Thread started: Scenario A - Job Search and Detail View 1-20
2026-05-04 13:05:08,591 INFO o.a.j.t.JMeterThread: Thread started: Scenario B - Analytics Ingest and Job Write 2-20
2026-05-04 13:05:08,662 INFO o.a.j.t.JMeterThread: Thread started: Scenario A - Job Search and Detail View 1-21
2026-05-04 13:05:08,692 INFO o.a.j.t.JMeterThread: Thread started: Scenario B - Analytics Ingest and Job Write 2-21
2026-05-04 13:05:08,760 INFO o.a.j.t.JMeterThread: Thread started: Scenario A - Job Search and Detail View 1-22
2026-05-04 13:05:08,790 INFO o.a.j.t.JMeterThread: Thread started: Scenario B - Analytics Ingest and Job Write 2-22
2026-05-04 13:05:08,860 INFO o.a.j.t.JMeterThread: Thread started: Scenario A - Job Search and Detail View 1-23
2026-05-04 13:05:08,889 INFO o.a.j.t.JMeterThread: Thread started: Scenario B - Analytics Ingest and Job Write 2-23
2026-05-04 13:05:08,958 INFO o.a.j.t.JMeterThread: Thread started: Scenario A - Job Search and Detail View 1-24
2026-05-04 13:05:08,993 INFO o.a.j.t.JMeterThread: Thread started: Scenario B - Analytics Ingest and Job Write 2-24
2026-05-04 13:05:09,060 INFO o.a.j.t.JMeterThread: Thread started: Scenario A - Job Search and Detail View 1-25
2026-05-04 13:05:09,094 INFO o.a.j.t.JMeterThread: Thread started: Scenario B - Analytics Ingest and Job Write 2-25
2026-05-04 13:05:09,163 INFO o.a.j.t.JMeterThread: Thread started: Scenario A - Job Search and Detail View 1-26
2026-05-04 13:05:09,193 INFO o.a.j.t.JMeterThread: Thread started: Scenario B - Analytics Ingest and Job Write 2-26
2026-05-04 13:05:09,258 INFO o.a.j.t.JMeterThread: Thread started: Scenario A - Job Search and Detail View 1-27
2026-05-04 13:05:09,291 INFO o.a.j.t.JMeterThread: Thread started: Scenario B - Analytics Ingest and Job Write 2-27
2026-05-04 13:05:09,360 INFO o.a.j.t.JMeterThread: Thread started: Scenario A - Job Search and Detail View 1-28
2026-05-04 13:05:09,391 INFO o.a.j.t.JMeterThread: Thread started: Scenario B - Analytics Ingest and Job Write 2-28
2026-05-04 13:05:09,459 INFO o.a.j.t.JMeterThread: Thread started: Scenario A - Job Search and Detail View 1-29
2026-05-04 13:05:09,491 INFO o.a.j.t.JMeterThread: Thread started: Scenario B - Analytics Ingest and Job Write 2-29
2026-05-04 13:05:09,559 INFO o.a.j.t.JMeterThread: Thread started: Scenario A - Job Search and Detail View 1-30
2026-05-04 13:05:09,592 INFO o.a.j.t.JMeterThread: Thread started: Scenario B - Analytics Ingest and Job Write 2-30
2026-05-04 13:05:09,661 INFO o.a.j.t.JMeterThread: Thread started: Scenario A - Job Search and Detail View 1-31
2026-05-04 13:05:09,691 INFO o.a.j.t.JMeterThread: Thread started: Scenario B - Analytics Ingest and Job Write 2-31
2026-05-04 13:05:09,760 INFO o.a.j.t.JMeterThread: Thread started: Scenario A - Job Search and Detail View 1-32
2026-05-04 13:05:09,791 INFO o.a.j.t.JMeterThread: Thread started: Scenario B - Analytics Ingest and Job Write 2-32
2026-05-04 13:05:09,860 INFO o.a.j.t.JMeterThread: Thread started: Scenario A - Job Search and Detail View 1-33
2026-05-04 13:05:09,889 INFO o.a.j.t.JMeterThread: Thread started: Scenario B - Analytics Ingest and Job Write 2-33
2026-05-04 13:05:09,959 INFO o.a.j.t.JMeterThread: Thread started: Scenario A - Job Search and Detail View 1-34
2026-05-04 13:05:09,992 INFO o.a.j.t.JMeterThread: Thread started: Scenario B - Analytics Ingest and Job Write 2-34
2026-05-04 13:05:10,059 INFO o.a.j.t.JMeterThread: Thread started: Scenario A - Job Search and Detail View 1-35
2026-05-04 13:05:10,089 INFO o.a.j.t.JMeterThread: Thread started: Scenario B - Analytics Ingest and Job Write 2-35
2026-05-04 13:05:10,161 INFO o.a.j.t.JMeterThread: Thread started: Scenario A - Job Search and Detail View 1-36
2026-05-04 13:05:10,193 INFO o.a.j.t.JMeterThread: Thread started: Scenario B - Analytics Ingest and Job Write 2-36
2026-05-04 13:05:10,260 INFO o.a.j.t.JMeterThread: Thread started: Scenario A - Job Search and Detail View 1-37
2026-05-04 13:05:10,290 INFO o.a.j.t.JMeterThread: Thread started: Scenario B - Analytics Ingest and Job Write 2-37
2026-05-04 13:05:10,362 INFO o.a.j.t.JMeterThread: Thread started: Scenario A - Job Search and Detail View 1-38
2026-05-04 13:05:10,390 INFO o.a.j.t.JMeterThread: Thread started: Scenario B - Analytics Ingest and Job Write 2-38
2026-05-04 13:05:10,460 INFO o.a.j.t.JMeterThread: Thread started: Scenario A - Job Search and Detail View 1-39
2026-05-04 13:05:10,491 INFO o.a.j.t.JMeterThread: Thread started: Scenario B - Analytics Ingest and Job Write 2-39
2026-05-04 13:05:10,559 INFO o.a.j.t.JMeterThread: Thread started: Scenario A - Job Search and Detail View 1-40
2026-05-04 13:05:10,592 INFO o.a.j.t.JMeterThread: Thread started: Scenario B - Analytics Ingest and Job Write 2-40
2026-05-04 13:05:10,659 INFO o.a.j.t.JMeterThread: Thread started: Scenario A - Job Search and Detail View 1-41
2026-05-04 13:05:10,695 INFO o.a.j.t.JMeterThread: Thread started: Scenario B - Analytics Ingest and Job Write 2-41
2026-05-04 13:05:10,762 INFO o.a.j.t.JMeterThread: Thread started: Scenario A - Job Search and Detail View 1-42
2026-05-04 13:05:10,791 INFO o.a.j.t.JMeterThread: Thread started: Scenario B - Analytics Ingest and Job Write 2-42
2026-05-04 13:05:10,858 INFO o.a.j.t.JMeterThread: Thread started: Scenario A - Job Search and Detail View 1-43
2026-05-04 13:05:10,889 INFO o.a.j.t.JMeterThread: Thread started: Scenario B - Analytics Ingest and Job Write 2-43
2026-05-04 13:05:10,958 INFO o.a.j.t.JMeterThread: Thread started: Scenario A - Job Search and Detail View 1-44
2026-05-04 13:05:10,991 INFO o.a.j.t.JMeterThread: Thread started: Scenario B - Analytics Ingest and Job Write 2-44
2026-05-04 13:05:11,058 INFO o.a.j.t.JMeterThread: Thread started: Scenario A - Job Search and Detail View 1-45
2026-05-04 13:05:11,094 INFO o.a.j.t.JMeterThread: Thread started: Scenario B - Analytics Ingest and Job Write 2-45
2026-05-04 13:05:11,159 INFO o.a.j.t.JMeterThread: Thread started: Scenario A - Job Search and Detail View 1-46
2026-05-04 13:05:11,194 INFO o.a.j.t.JMeterThread: Thread started: Scenario B - Analytics Ingest and Job Write 2-46
2026-05-04 13:05:11,258 INFO o.a.j.t.JMeterThread: Thread started: Scenario A - Job Search and Detail View 1-47
2026-05-04 13:05:11,290 INFO o.a.j.t.JMeterThread: Thread started: Scenario B - Analytics Ingest and Job Write 2-47
2026-05-04 13:05:11,363 INFO o.a.j.t.JMeterThread: Thread started: Scenario A - Job Search and Detail View 1-48
2026-05-04 13:05:11,391 INFO o.a.j.t.JMeterThread: Thread started: Scenario B - Analytics Ingest and Job Write 2-48
2026-05-04 13:05:11,459 INFO o.a.j.t.JMeterThread: Thread started: Scenario A - Job Search and Detail View 1-49
2026-05-04 13:05:11,492 INFO o.a.j.t.JMeterThread: Thread started: Scenario B - Analytics Ingest and Job Write 2-49
2026-05-04 13:05:11,558 INFO o.a.j.t.JMeterThread: Thread started: Scenario A - Job Search and Detail View 1-50
2026-05-04 13:05:11,589 INFO o.a.j.t.JMeterThread: Thread started: Scenario B - Analytics Ingest and Job Write 2-50
2026-05-04 13:05:11,658 INFO o.a.j.t.JMeterThread: Thread started: Scenario A - Job Search and Detail View 1-51
2026-05-04 13:05:11,692 INFO o.a.j.t.JMeterThread: Thread started: Scenario B - Analytics Ingest and Job Write 2-51
2026-05-04 13:05:11,762 INFO o.a.j.t.JMeterThread: Thread started: Scenario A - Job Search and Detail View 1-52
2026-05-04 13:05:11,790 INFO o.a.j.t.JMeterThread: Thread started: Scenario B - Analytics Ingest and Job Write 2-52
2026-05-04 13:05:11,862 INFO o.a.j.t.JMeterThread: Thread started: Scenario A - Job Search and Detail View 1-53
2026-05-04 13:05:11,892 INFO o.a.j.t.JMeterThread: Thread started: Scenario B - Analytics Ingest and Job Write 2-53
2026-05-04 13:05:11,958 INFO o.a.j.t.JMeterThread: Thread started: Scenario A - Job Search and Detail View 1-54
2026-05-04 13:05:11,991 INFO o.a.j.t.JMeterThread: Thread started: Scenario B - Analytics Ingest and Job Write 2-54
2026-05-04 13:05:12,061 INFO o.a.j.t.JMeterThread: Thread started: Scenario A - Job Search and Detail View 1-55
2026-05-04 13:05:12,090 INFO o.a.j.t.JMeterThread: Thread started: Scenario B - Analytics Ingest and Job Write 2-55
2026-05-04 13:05:12,159 INFO o.a.j.t.JMeterThread: Thread started: Scenario A - Job Search and Detail View 1-56
2026-05-04 13:05:12,191 INFO o.a.j.t.JMeterThread: Thread started: Scenario B - Analytics Ingest and Job Write 2-56
2026-05-04 13:05:12,258 INFO o.a.j.t.JMeterThread: Thread started: Scenario A - Job Search and Detail View 1-57
2026-05-04 13:05:12,289 INFO o.a.j.t.JMeterThread: Thread started: Scenario B - Analytics Ingest and Job Write 2-57
2026-05-04 13:05:12,360 INFO o.a.j.t.JMeterThread: Thread started: Scenario A - Job Search and Detail View 1-58
2026-05-04 13:05:12,392 INFO o.a.j.t.JMeterThread: Thread started: Scenario B - Analytics Ingest and Job Write 2-58
2026-05-04 13:05:12,460 INFO o.a.j.t.JMeterThread: Thread started: Scenario A - Job Search and Detail View 1-59
2026-05-04 13:05:12,492 INFO o.a.j.t.JMeterThread: Thread started: Scenario B - Analytics Ingest and Job Write 2-59
2026-05-04 13:05:12,560 INFO o.a.j.t.JMeterThread: Thread started: Scenario A - Job Search and Detail View 1-60
2026-05-04 13:05:12,592 INFO o.a.j.t.JMeterThread: Thread started: Scenario B - Analytics Ingest and Job Write 2-60
2026-05-04 13:05:12,662 INFO o.a.j.t.JMeterThread: Thread started: Scenario A - Job Search and Detail View 1-61
2026-05-04 13:05:12,690 INFO o.a.j.t.JMeterThread: Thread started: Scenario B - Analytics Ingest and Job Write 2-61
2026-05-04 13:05:12,758 INFO o.a.j.t.JMeterThread: Thread started: Scenario A - Job Search and Detail View 1-62
2026-05-04 13:05:12,791 INFO o.a.j.t.JMeterThread: Thread started: Scenario B - Analytics Ingest and Job Write 2-62
2026-05-04 13:05:12,858 INFO o.a.j.t.JMeterThread: Thread started: Scenario A - Job Search and Detail View 1-63
2026-05-04 13:05:12,889 INFO o.a.j.t.JMeterThread: Thread started: Scenario B - Analytics Ingest and Job Write 2-63
2026-05-04 13:05:12,959 INFO o.a.j.t.JMeterThread: Thread started: Scenario A - Job Search and Detail View 1-64
2026-05-04 13:05:12,992 INFO o.a.j.t.JMeterThread: Thread started: Scenario B - Analytics Ingest and Job Write 2-64
2026-05-04 13:05:13,059 INFO o.a.j.t.JMeterThread: Thread started: Scenario A - Job Search and Detail View 1-65
2026-05-04 13:05:13,089 INFO o.a.j.t.JMeterThread: Thread started: Scenario B - Analytics Ingest and Job Write 2-65
2026-05-04 13:05:13,157 INFO o.a.j.t.JMeterThread: Thread started: Scenario A - Job Search and Detail View 1-66
2026-05-04 13:05:13,190 INFO o.a.j.t.JMeterThread: Thread started: Scenario B - Analytics Ingest and Job Write 2-66
2026-05-04 13:05:13,259 INFO o.a.j.t.JMeterThread: Thread started: Scenario A - Job Search and Detail View 1-67
2026-05-04 13:05:13,291 INFO o.a.j.t.JMeterThread: Thread started: Scenario B - Analytics Ingest and Job Write 2-67
2026-05-04 13:05:13,361 INFO o.a.j.t.JMeterThread: Thread started: Scenario A - Job Search and Detail View 1-68
2026-05-04 13:05:13,392 INFO o.a.j.t.JMeterThread: Thread started: Scenario B - Analytics Ingest and Job Write 2-68
2026-05-04 13:05:13,459 INFO o.a.j.t.JMeterThread: Thread started: Scenario A - Job Search and Detail View 1-69
2026-05-04 13:05:13,493 INFO o.a.j.t.JMeterThread: Thread started: Scenario B - Analytics Ingest and Job Write 2-69
2026-05-04 13:05:13,561 INFO o.a.j.t.JMeterThread: Thread started: Scenario A - Job Search and Detail View 1-70
2026-05-04 13:05:13,594 INFO o.a.j.t.JMeterThread: Thread started: Scenario B - Analytics Ingest and Job Write 2-70
2026-05-04 13:05:13,659 INFO o.a.j.t.JMeterThread: Thread started: Scenario A - Job Search and Detail View 1-71
2026-05-04 13:05:13,692 INFO o.a.j.t.JMeterThread: Thread started: Scenario B - Analytics Ingest and Job Write 2-71
2026-05-04 13:05:13,760 INFO o.a.j.t.JMeterThread: Thread started: Scenario A - Job Search and Detail View 1-72
2026-05-04 13:05:13,793 INFO o.a.j.t.JMeterThread: Thread started: Scenario B - Analytics Ingest and Job Write 2-72
2026-05-04 13:05:13,858 INFO o.a.j.t.JMeterThread: Thread started: Scenario A - Job Search and Detail View 1-73
2026-05-04 13:05:13,890 INFO o.a.j.t.JMeterThread: Thread started: Scenario B - Analytics Ingest and Job Write 2-73
2026-05-04 13:05:13,959 INFO o.a.j.t.JMeterThread: Thread started: Scenario A - Job Search and Detail View 1-74
2026-05-04 13:05:13,989 INFO o.a.j.t.JMeterThread: Thread started: Scenario B - Analytics Ingest and Job Write 2-74
2026-05-04 13:05:14,060 INFO o.a.j.t.JMeterThread: Thread started: Scenario A - Job Search and Detail View 1-75
2026-05-04 13:05:14,090 INFO o.a.j.t.JMeterThread: Thread started: Scenario B - Analytics Ingest and Job Write 2-75
2026-05-04 13:05:14,158 INFO o.a.j.t.JMeterThread: Thread started: Scenario A - Job Search and Detail View 1-76
2026-05-04 13:05:14,190 INFO o.a.j.t.JMeterThread: Thread started: Scenario B - Analytics Ingest and Job Write 2-76
2026-05-04 13:05:14,257 INFO o.a.j.t.JMeterThread: Thread started: Scenario A - Job Search and Detail View 1-77
2026-05-04 13:05:14,290 INFO o.a.j.t.JMeterThread: Thread started: Scenario B - Analytics Ingest and Job Write 2-77
2026-05-04 13:05:14,357 INFO o.a.j.t.JMeterThread: Thread started: Scenario A - Job Search and Detail View 1-78
2026-05-04 13:05:14,392 INFO o.a.j.t.JMeterThread: Thread started: Scenario B - Analytics Ingest and Job Write 2-78
2026-05-04 13:05:14,459 INFO o.a.j.t.JMeterThread: Thread started: Scenario A - Job Search and Detail View 1-79
2026-05-04 13:05:14,496 INFO o.a.j.t.JMeterThread: Thread started: Scenario B - Analytics Ingest and Job Write 2-79
2026-05-04 13:05:14,564 INFO o.a.j.t.JMeterThread: Thread started: Scenario A - Job Search and Detail View 1-80
2026-05-04 13:05:14,595 INFO o.a.j.t.JMeterThread: Thread started: Scenario B - Analytics Ingest and Job Write 2-80
2026-05-04 13:05:14,663 INFO o.a.j.t.JMeterThread: Thread started: Scenario A - Job Search and Detail View 1-81
2026-05-04 13:05:14,693 INFO o.a.j.t.JMeterThread: Thread started: Scenario B - Analytics Ingest and Job Write 2-81
2026-05-04 13:05:14,758 INFO o.a.j.t.JMeterThread: Thread started: Scenario A - Job Search and Detail View 1-82
2026-05-04 13:05:14,793 INFO o.a.j.t.JMeterThread: Thread started: Scenario B - Analytics Ingest and Job Write 2-82
2026-05-04 13:05:14,859 INFO o.a.j.t.JMeterThread: Thread started: Scenario A - Job Search and Detail View 1-83
2026-05-04 13:05:14,893 INFO o.a.j.t.JMeterThread: Thread started: Scenario B - Analytics Ingest and Job Write 2-83
2026-05-04 13:05:14,958 INFO o.a.j.t.JMeterThread: Thread started: Scenario A - Job Search and Detail View 1-84
2026-05-04 13:05:14,990 INFO o.a.j.t.JMeterThread: Thread started: Scenario B - Analytics Ingest and Job Write 2-84
2026-05-04 13:05:15,060 INFO o.a.j.t.JMeterThread: Thread started: Scenario A - Job Search and Detail View 1-85
2026-05-04 13:05:15,090 INFO o.a.j.t.JMeterThread: Thread started: Scenario B - Analytics Ingest and Job Write 2-85
2026-05-04 13:05:15,163 INFO o.a.j.t.JMeterThread: Thread started: Scenario A - Job Search and Detail View 1-86
2026-05-04 13:05:15,194 INFO o.a.j.t.JMeterThread: Thread started: Scenario B - Analytics Ingest and Job Write 2-86
2026-05-04 13:05:15,257 INFO o.a.j.t.JMeterThread: Thread started: Scenario A - Job Search and Detail View 1-87
2026-05-04 13:05:15,291 INFO o.a.j.t.JMeterThread: Thread started: Scenario B - Analytics Ingest and Job Write 2-87
2026-05-04 13:05:15,360 INFO o.a.j.t.JMeterThread: Thread started: Scenario A - Job Search and Detail View 1-88
2026-05-04 13:05:15,390 INFO o.a.j.t.JMeterThread: Thread started: Scenario B - Analytics Ingest and Job Write 2-88
2026-05-04 13:05:15,459 INFO o.a.j.t.JMeterThread: Thread started: Scenario A - Job Search and Detail View 1-89
2026-05-04 13:05:15,492 INFO o.a.j.t.JMeterThread: Thread started: Scenario B - Analytics Ingest and Job Write 2-89
2026-05-04 13:05:15,562 INFO o.a.j.t.JMeterThread: Thread started: Scenario A - Job Search and Detail View 1-90
2026-05-04 13:05:15,591 INFO o.a.j.t.JMeterThread: Thread started: Scenario B - Analytics Ingest and Job Write 2-90
2026-05-04 13:05:15,659 INFO o.a.j.t.JMeterThread: Thread started: Scenario A - Job Search and Detail View 1-91
2026-05-04 13:05:15,692 INFO o.a.j.t.JMeterThread: Thread started: Scenario B - Analytics Ingest and Job Write 2-91
2026-05-04 13:05:15,758 INFO o.a.j.t.JMeterThread: Thread started: Scenario A - Job Search and Detail View 1-92
2026-05-04 13:05:15,791 INFO o.a.j.t.JMeterThread: Thread started: Scenario B - Analytics Ingest and Job Write 2-92
2026-05-04 13:05:15,858 INFO o.a.j.t.JMeterThread: Thread started: Scenario A - Job Search and Detail View 1-93
2026-05-04 13:05:15,890 INFO o.a.j.t.JMeterThread: Thread started: Scenario B - Analytics Ingest and Job Write 2-93
2026-05-04 13:05:15,959 INFO o.a.j.t.JMeterThread: Thread started: Scenario A - Job Search and Detail View 1-94
2026-05-04 13:05:15,993 INFO o.a.j.t.JMeterThread: Thread started: Scenario B - Analytics Ingest and Job Write 2-94
2026-05-04 13:05:16,057 INFO o.a.j.t.JMeterThread: Thread started: Scenario A - Job Search and Detail View 1-95
2026-05-04 13:05:16,089 INFO o.a.j.t.JMeterThread: Thread started: Scenario B - Analytics Ingest and Job Write 2-95
2026-05-04 13:05:16,160 INFO o.a.j.t.JMeterThread: Thread started: Scenario A - Job Search and Detail View 1-96
2026-05-04 13:05:16,193 INFO o.a.j.t.JMeterThread: Thread started: Scenario B - Analytics Ingest and Job Write 2-96
2026-05-04 13:05:16,259 INFO o.a.j.t.JMeterThread: Thread started: Scenario A - Job Search and Detail View 1-97
2026-05-04 13:05:16,293 INFO o.a.j.t.JMeterThread: Thread started: Scenario B - Analytics Ingest and Job Write 2-97
2026-05-04 13:05:16,362 INFO o.a.j.t.JMeterThread: Thread started: Scenario A - Job Search and Detail View 1-98
2026-05-04 13:05:16,390 INFO o.a.j.t.JMeterThread: Thread started: Scenario B - Analytics Ingest and Job Write 2-98
2026-05-04 13:05:16,460 INFO o.a.j.t.JMeterThread: Thread started: Scenario A - Job Search and Detail View 1-99
2026-05-04 13:05:16,491 INFO o.a.j.t.JMeterThread: Thread started: Scenario B - Analytics Ingest and Job Write 2-99
2026-05-04 13:05:16,557 INFO o.a.j.t.JMeterThread: Thread started: Scenario A - Job Search and Detail View 1-100
2026-05-04 13:05:16,592 INFO o.a.j.t.JMeterThread: Thread started: Scenario B - Analytics Ingest and Job Write 2-100
2026-05-04 13:05:30,016 INFO o.a.j.r.Summariser: summary +   9641 in 00:00:23 =  412.8/s Avg:   274 Min:     1 Max:  1681 Err:     0 (0.00%) Active: 200 Started: 200 Finished: 0
2026-05-04 13:06:00,011 INFO o.a.j.r.Summariser: summary +  20596 in 00:00:30 =  686.3/s Avg:   189 Min:     2 Max:  1065 Err:     0 (0.00%) Active: 200 Started: 200 Finished: 0
2026-05-04 13:06:00,012 INFO o.a.j.r.Summariser: summary =  30237 in 00:00:53 =  566.6/s Avg:   216 Min:     1 Max:  1681 Err:     0 (0.00%)
2026-05-04 13:06:06,567 INFO o.a.j.t.JMeterThread: Thread finished: Scenario A - Job Search and Detail View 1-22
2026-05-04 13:06:06,570 INFO o.a.j.t.JMeterThread: Thread finished: Scenario A - Job Search and Detail View 1-31
2026-05-04 13:06:06,576 INFO o.a.j.t.JMeterThread: Thread finished: Scenario A - Job Search and Detail View 1-35
2026-05-04 13:06:06,577 INFO o.a.j.t.JMeterThread: Thread finished: Scenario A - Job Search and Detail View 1-24
2026-05-04 13:06:06,580 INFO o.a.j.t.JMeterThread: Thread finished: Scenario A - Job Search and Detail View 1-61
2026-05-04 13:06:06,583 INFO o.a.j.t.JMeterThread: Thread finished: Scenario A - Job Search and Detail View 1-62
2026-05-04 13:06:06,583 INFO o.a.j.t.JMeterThread: Thread finished: Scenario A - Job Search and Detail View 1-20
2026-05-04 13:06:06,593 INFO o.a.j.t.JMeterThread: Thread finished: Scenario B - Analytics Ingest and Job Write 2-18
2026-05-04 13:06:06,593 INFO o.a.j.t.JMeterThread: Thread finished: Scenario B - Analytics Ingest and Job Write 2-5
2026-05-04 13:06:06,593 INFO o.a.j.t.JMeterThread: Thread finished: Scenario B - Analytics Ingest and Job Write 2-23
2026-05-04 13:06:06,594 INFO o.a.j.t.JMeterThread: Thread finished: Scenario B - Analytics Ingest and Job Write 2-12
2026-05-04 13:06:06,599 INFO o.a.j.t.JMeterThread: Thread finished: Scenario A - Job Search and Detail View 1-60
2026-05-04 13:06:06,600 INFO o.a.j.t.JMeterThread: Thread finished: Scenario A - Job Search and Detail View 1-42
2026-05-04 13:06:06,600 INFO o.a.j.t.JMeterThread: Thread finished: Scenario B - Analytics Ingest and Job Write 2-14
2026-05-04 13:06:06,613 INFO o.a.j.t.JMeterThread: Thread finished: Scenario A - Job Search and Detail View 1-92
2026-05-04 13:06:06,614 INFO o.a.j.t.JMeterThread: Thread finished: Scenario A - Job Search and Detail View 1-18
2026-05-04 13:06:06,616 INFO o.a.j.t.JMeterThread: Thread finished: Scenario A - Job Search and Detail View 1-83
2026-05-04 13:06:06,616 INFO o.a.j.t.JMeterThread: Thread finished: Scenario A - Job Search and Detail View 1-33
2026-05-04 13:06:06,616 INFO o.a.j.t.JMeterThread: Thread finished: Scenario B - Analytics Ingest and Job Write 2-29
2026-05-04 13:06:06,616 INFO o.a.j.t.JMeterThread: Thread finished: Scenario A - Job Search and Detail View 1-100
2026-05-04 13:06:06,617 INFO o.a.j.t.JMeterThread: Thread finished: Scenario A - Job Search and Detail View 1-3
2026-05-04 13:06:06,617 INFO o.a.j.t.JMeterThread: Thread finished: Scenario A - Job Search and Detail View 1-51
2026-05-04 13:06:06,617 INFO o.a.j.t.JMeterThread: Thread finished: Scenario A - Job Search and Detail View 1-7
2026-05-04 13:06:06,618 INFO o.a.j.t.JMeterThread: Thread finished: Scenario A - Job Search and Detail View 1-87
2026-05-04 13:06:06,618 INFO o.a.j.t.JMeterThread: Thread finished: Scenario B - Analytics Ingest and Job Write 2-35
2026-05-04 13:06:06,618 INFO o.a.j.t.JMeterThread: Thread finished: Scenario B - Analytics Ingest and Job Write 2-72
2026-05-04 13:06:06,619 INFO o.a.j.t.JMeterThread: Thread finished: Scenario B - Analytics Ingest and Job Write 2-15
2026-05-04 13:06:06,619 INFO o.a.j.t.JMeterThread: Thread finished: Scenario B - Analytics Ingest and Job Write 2-40
2026-05-04 13:06:06,619 INFO o.a.j.t.JMeterThread: Thread finished: Scenario B - Analytics Ingest and Job Write 2-87
2026-05-04 13:06:06,619 INFO o.a.j.t.JMeterThread: Thread finished: Scenario A - Job Search and Detail View 1-68
2026-05-04 13:06:06,619 INFO o.a.j.t.JMeterThread: Thread finished: Scenario B - Analytics Ingest and Job Write 2-7
2026-05-04 13:06:06,619 INFO o.a.j.t.JMeterThread: Thread finished: Scenario A - Job Search and Detail View 1-23
2026-05-04 13:06:06,627 INFO o.a.j.t.JMeterThread: Thread finished: Scenario A - Job Search and Detail View 1-48
2026-05-04 13:06:06,632 INFO o.a.j.t.JMeterThread: Thread finished: Scenario A - Job Search and Detail View 1-1
2026-05-04 13:06:06,633 INFO o.a.j.t.JMeterThread: Thread finished: Scenario B - Analytics Ingest and Job Write 2-50
2026-05-04 13:06:06,634 INFO o.a.j.t.JMeterThread: Thread finished: Scenario B - Analytics Ingest and Job Write 2-45
2026-05-04 13:06:06,634 INFO o.a.j.t.JMeterThread: Thread finished: Scenario B - Analytics Ingest and Job Write 2-11
2026-05-04 13:06:06,634 INFO o.a.j.t.JMeterThread: Thread finished: Scenario B - Analytics Ingest and Job Write 2-51
2026-05-04 13:06:06,634 INFO o.a.j.t.JMeterThread: Thread finished: Scenario A - Job Search and Detail View 1-56
2026-05-04 13:06:06,634 INFO o.a.j.t.JMeterThread: Thread finished: Scenario B - Analytics Ingest and Job Write 2-22
2026-05-04 13:06:06,635 INFO o.a.j.t.JMeterThread: Thread finished: Scenario A - Job Search and Detail View 1-15
2026-05-04 13:06:06,635 INFO o.a.j.t.JMeterThread: Thread finished: Scenario B - Analytics Ingest and Job Write 2-85
2026-05-04 13:06:06,635 INFO o.a.j.t.JMeterThread: Thread finished: Scenario A - Job Search and Detail View 1-49
2026-05-04 13:06:06,635 INFO o.a.j.t.JMeterThread: Thread finished: Scenario B - Analytics Ingest and Job Write 2-96
2026-05-04 13:06:06,641 INFO o.a.j.t.JMeterThread: Thread finished: Scenario A - Job Search and Detail View 1-59
2026-05-04 13:06:06,642 INFO o.a.j.t.JMeterThread: Thread finished: Scenario B - Analytics Ingest and Job Write 2-68
2026-05-04 13:06:06,649 INFO o.a.j.t.JMeterThread: Thread finished: Scenario A - Job Search and Detail View 1-4
2026-05-04 13:06:06,653 INFO o.a.j.t.JMeterThread: Thread finished: Scenario B - Analytics Ingest and Job Write 2-16
2026-05-04 13:06:06,653 INFO o.a.j.t.JMeterThread: Thread finished: Scenario B - Analytics Ingest and Job Write 2-90
2026-05-04 13:06:06,653 INFO o.a.j.t.JMeterThread: Thread finished: Scenario B - Analytics Ingest and Job Write 2-56
2026-05-04 13:06:06,653 INFO o.a.j.t.JMeterThread: Thread finished: Scenario B - Analytics Ingest and Job Write 2-33
2026-05-04 13:06:06,653 INFO o.a.j.t.JMeterThread: Thread finished: Scenario B - Analytics Ingest and Job Write 2-97
2026-05-04 13:06:06,655 INFO o.a.j.t.JMeterThread: Thread finished: Scenario A - Job Search and Detail View 1-65
2026-05-04 13:06:06,656 INFO o.a.j.t.JMeterThread: Thread finished: Scenario A - Job Search and Detail View 1-21
2026-05-04 13:06:06,656 INFO o.a.j.t.JMeterThread: Thread finished: Scenario A - Job Search and Detail View 1-79
2026-05-04 13:06:06,658 INFO o.a.j.t.JMeterThread: Thread finished: Scenario A - Job Search and Detail View 1-45
2026-05-04 13:06:06,662 INFO o.a.j.t.JMeterThread: Thread finished: Scenario A - Job Search and Detail View 1-90
2026-05-04 13:06:06,663 INFO o.a.j.t.JMeterThread: Thread finished: Scenario B - Analytics Ingest and Job Write 2-28
2026-05-04 13:06:06,664 INFO o.a.j.t.JMeterThread: Thread finished: Scenario B - Analytics Ingest and Job Write 2-91
2026-05-04 13:06:06,664 INFO o.a.j.t.JMeterThread: Thread finished: Scenario B - Analytics Ingest and Job Write 2-100
2026-05-04 13:06:06,664 INFO o.a.j.t.JMeterThread: Thread finished: Scenario B - Analytics Ingest and Job Write 2-64
2026-05-04 13:06:06,664 INFO o.a.j.t.JMeterThread: Thread finished: Scenario B - Analytics Ingest and Job Write 2-76
2026-05-04 13:06:06,664 INFO o.a.j.t.JMeterThread: Thread finished: Scenario B - Analytics Ingest and Job Write 2-4
2026-05-04 13:06:06,665 INFO o.a.j.t.JMeterThread: Thread finished: Scenario B - Analytics Ingest and Job Write 2-70
2026-05-04 13:06:06,672 INFO o.a.j.t.JMeterThread: Stopping because end time detected by thread: Scenario A - Job Search and Detail View 1-27
2026-05-04 13:06:06,673 INFO o.a.j.t.JMeterThread: Thread finished: Scenario A - Job Search and Detail View 1-27
2026-05-04 13:06:06,673 INFO o.a.j.t.JMeterThread: Thread finished: Scenario B - Analytics Ingest and Job Write 2-1
2026-05-04 13:06:06,675 INFO o.a.j.t.JMeterThread: Thread finished: Scenario B - Analytics Ingest and Job Write 2-31
2026-05-04 13:06:06,676 INFO o.a.j.t.JMeterThread: Thread finished: Scenario B - Analytics Ingest and Job Write 2-21
2026-05-04 13:06:06,676 INFO o.a.j.t.JMeterThread: Thread finished: Scenario B - Analytics Ingest and Job Write 2-52
2026-05-04 13:06:06,676 INFO o.a.j.t.JMeterThread: Thread finished: Scenario B - Analytics Ingest and Job Write 2-74
2026-05-04 13:06:06,676 INFO o.a.j.t.JMeterThread: Stopping because end time detected by thread: Scenario A - Job Search and Detail View 1-12
2026-05-04 13:06:06,676 INFO o.a.j.t.JMeterThread: Thread finished: Scenario A - Job Search and Detail View 1-12
2026-05-04 13:06:06,676 INFO o.a.j.t.JMeterThread: Thread finished: Scenario B - Analytics Ingest and Job Write 2-78
2026-05-04 13:06:06,677 INFO o.a.j.t.JMeterThread: Thread finished: Scenario B - Analytics Ingest and Job Write 2-47
2026-05-04 13:06:06,677 INFO o.a.j.t.JMeterThread: Thread finished: Scenario B - Analytics Ingest and Job Write 2-9
2026-05-04 13:06:06,677 INFO o.a.j.t.JMeterThread: Thread finished: Scenario B - Analytics Ingest and Job Write 2-8
2026-05-04 13:06:06,677 INFO o.a.j.t.JMeterThread: Thread finished: Scenario B - Analytics Ingest and Job Write 2-69
2026-05-04 13:06:06,677 INFO o.a.j.t.JMeterThread: Stopping because end time detected by thread: Scenario A - Job Search and Detail View 1-53
2026-05-04 13:06:06,677 INFO o.a.j.t.JMeterThread: Thread finished: Scenario A - Job Search and Detail View 1-53
2026-05-04 13:06:06,678 INFO o.a.j.t.JMeterThread: Thread finished: Scenario B - Analytics Ingest and Job Write 2-92
2026-05-04 13:06:06,678 INFO o.a.j.t.JMeterThread: Thread finished: Scenario B - Analytics Ingest and Job Write 2-25
2026-05-04 13:06:06,678 INFO o.a.j.t.JMeterThread: Stopping because end time detected by thread: Scenario A - Job Search and Detail View 1-5
2026-05-04 13:06:06,678 INFO o.a.j.t.JMeterThread: Thread finished: Scenario A - Job Search and Detail View 1-5
2026-05-04 13:06:06,681 INFO o.a.j.t.JMeterThread: Thread finished: Scenario B - Analytics Ingest and Job Write 2-65
2026-05-04 13:06:06,681 INFO o.a.j.t.JMeterThread: Thread finished: Scenario B - Analytics Ingest and Job Write 2-99
2026-05-04 13:06:06,681 INFO o.a.j.t.JMeterThread: Thread finished: Scenario B - Analytics Ingest and Job Write 2-13
2026-05-04 13:06:06,683 INFO o.a.j.t.JMeterThread: Thread finished: Scenario B - Analytics Ingest and Job Write 2-88
2026-05-04 13:06:06,685 INFO o.a.j.t.JMeterThread: Thread finished: Scenario B - Analytics Ingest and Job Write 2-83
2026-05-04 13:06:06,692 INFO o.a.j.t.JMeterThread: Stopping because end time detected by thread: Scenario A - Job Search and Detail View 1-72
2026-05-04 13:06:06,692 INFO o.a.j.t.JMeterThread: Thread finished: Scenario A - Job Search and Detail View 1-72
2026-05-04 13:06:06,703 INFO o.a.j.t.JMeterThread: Stopping because end time detected by thread: Scenario B - Analytics Ingest and Job Write 2-43
2026-05-04 13:06:06,703 INFO o.a.j.t.JMeterThread: Thread finished: Scenario B - Analytics Ingest and Job Write 2-43
2026-05-04 13:06:06,704 INFO o.a.j.t.JMeterThread: Stopping because end time detected by thread: Scenario B - Analytics Ingest and Job Write 2-32
2026-05-04 13:06:06,704 INFO o.a.j.t.JMeterThread: Thread finished: Scenario B - Analytics Ingest and Job Write 2-32
2026-05-04 13:06:06,704 INFO o.a.j.t.JMeterThread: Stopping because end time detected by thread: Scenario B - Analytics Ingest and Job Write 2-30
2026-05-04 13:06:06,704 INFO o.a.j.t.JMeterThread: Thread finished: Scenario B - Analytics Ingest and Job Write 2-30
2026-05-04 13:06:06,705 INFO o.a.j.t.JMeterThread: Stopping because end time detected by thread: Scenario B - Analytics Ingest and Job Write 2-19
2026-05-04 13:06:06,705 INFO o.a.j.t.JMeterThread: Thread finished: Scenario B - Analytics Ingest and Job Write 2-19
2026-05-04 13:06:06,707 INFO o.a.j.t.JMeterThread: Stopping because end time detected by thread: Scenario A - Job Search and Detail View 1-73
2026-05-04 13:06:06,707 INFO o.a.j.t.JMeterThread: Thread finished: Scenario A - Job Search and Detail View 1-73
2026-05-04 13:06:06,708 INFO o.a.j.t.JMeterThread: Stopping because end time detected by thread: Scenario B - Analytics Ingest and Job Write 2-38
2026-05-04 13:06:06,708 INFO o.a.j.t.JMeterThread: Thread finished: Scenario B - Analytics Ingest and Job Write 2-38
2026-05-04 13:06:06,712 INFO o.a.j.t.JMeterThread: Stopping because end time detected by thread: Scenario B - Analytics Ingest and Job Write 2-3
2026-05-04 13:06:06,712 INFO o.a.j.t.JMeterThread: Thread finished: Scenario B - Analytics Ingest and Job Write 2-3
2026-05-04 13:06:06,712 INFO o.a.j.t.JMeterThread: Stopping because end time detected by thread: Scenario B - Analytics Ingest and Job Write 2-82
2026-05-04 13:06:06,712 INFO o.a.j.t.JMeterThread: Thread finished: Scenario B - Analytics Ingest and Job Write 2-82
2026-05-04 13:06:06,713 INFO o.a.j.t.JMeterThread: Stopping because end time detected by thread: Scenario B - Analytics Ingest and Job Write 2-98
2026-05-04 13:06:06,713 INFO o.a.j.t.JMeterThread: Thread finished: Scenario B - Analytics Ingest and Job Write 2-98
2026-05-04 13:06:06,713 INFO o.a.j.t.JMeterThread: Stopping because end time detected by thread: Scenario A - Job Search and Detail View 1-30
2026-05-04 13:06:06,713 INFO o.a.j.t.JMeterThread: Thread finished: Scenario A - Job Search and Detail View 1-30
2026-05-04 13:06:06,714 INFO o.a.j.t.JMeterThread: Stopping because end time detected by thread: Scenario B - Analytics Ingest and Job Write 2-55
2026-05-04 13:06:06,714 INFO o.a.j.t.JMeterThread: Thread finished: Scenario B - Analytics Ingest and Job Write 2-55
2026-05-04 13:06:06,714 INFO o.a.j.t.JMeterThread: Stopping because end time detected by thread: Scenario A - Job Search and Detail View 1-85
2026-05-04 13:06:06,714 INFO o.a.j.t.JMeterThread: Thread finished: Scenario A - Job Search and Detail View 1-85
2026-05-04 13:06:06,715 INFO o.a.j.t.JMeterThread: Stopping because end time detected by thread: Scenario A - Job Search and Detail View 1-75
2026-05-04 13:06:06,715 INFO o.a.j.t.JMeterThread: Thread finished: Scenario A - Job Search and Detail View 1-75
2026-05-04 13:06:06,715 INFO o.a.j.t.JMeterThread: Stopping because end time detected by thread: Scenario A - Job Search and Detail View 1-84
2026-05-04 13:06:06,715 INFO o.a.j.t.JMeterThread: Thread finished: Scenario A - Job Search and Detail View 1-84
2026-05-04 13:06:06,720 INFO o.a.j.t.JMeterThread: Stopping because end time detected by thread: Scenario B - Analytics Ingest and Job Write 2-10
2026-05-04 13:06:06,720 INFO o.a.j.t.JMeterThread: Thread finished: Scenario B - Analytics Ingest and Job Write 2-10
2026-05-04 13:06:06,724 INFO o.a.j.t.JMeterThread: Stopping because end time detected by thread: Scenario B - Analytics Ingest and Job Write 2-62
2026-05-04 13:06:06,724 INFO o.a.j.t.JMeterThread: Thread finished: Scenario B - Analytics Ingest and Job Write 2-62
2026-05-04 13:06:06,725 INFO o.a.j.t.JMeterThread: Stopping because end time detected by thread: Scenario B - Analytics Ingest and Job Write 2-77
2026-05-04 13:06:06,725 INFO o.a.j.t.JMeterThread: Thread finished: Scenario B - Analytics Ingest and Job Write 2-77
2026-05-04 13:06:06,725 INFO o.a.j.t.JMeterThread: Stopping because end time detected by thread: Scenario A - Job Search and Detail View 1-6
2026-05-04 13:06:06,725 INFO o.a.j.t.JMeterThread: Thread finished: Scenario A - Job Search and Detail View 1-6
2026-05-04 13:06:06,725 INFO o.a.j.t.JMeterThread: Stopping because end time detected by thread: Scenario A - Job Search and Detail View 1-96
2026-05-04 13:06:06,725 INFO o.a.j.t.JMeterThread: Thread finished: Scenario A - Job Search and Detail View 1-96
2026-05-04 13:06:06,725 INFO o.a.j.t.JMeterThread: Stopping because end time detected by thread: Scenario A - Job Search and Detail View 1-78
2026-05-04 13:06:06,726 INFO o.a.j.t.JMeterThread: Thread finished: Scenario A - Job Search and Detail View 1-78
2026-05-04 13:06:06,727 INFO o.a.j.t.JMeterThread: Stopping because end time detected by thread: Scenario B - Analytics Ingest and Job Write 2-95
2026-05-04 13:06:06,727 INFO o.a.j.t.JMeterThread: Thread finished: Scenario B - Analytics Ingest and Job Write 2-95
2026-05-04 13:06:06,741 INFO o.a.j.t.JMeterThread: Stopping because end time detected by thread: Scenario B - Analytics Ingest and Job Write 2-39
2026-05-04 13:06:06,741 INFO o.a.j.t.JMeterThread: Thread finished: Scenario B - Analytics Ingest and Job Write 2-39
2026-05-04 13:06:06,742 INFO o.a.j.t.JMeterThread: Stopping because end time detected by thread: Scenario B - Analytics Ingest and Job Write 2-27
2026-05-04 13:06:06,742 INFO o.a.j.t.JMeterThread: Thread finished: Scenario B - Analytics Ingest and Job Write 2-27
2026-05-04 13:06:06,742 INFO o.a.j.t.JMeterThread: Stopping because end time detected by thread: Scenario B - Analytics Ingest and Job Write 2-61
2026-05-04 13:06:06,742 INFO o.a.j.t.JMeterThread: Thread finished: Scenario B - Analytics Ingest and Job Write 2-61
2026-05-04 13:06:06,742 INFO o.a.j.t.JMeterThread: Stopping because end time detected by thread: Scenario B - Analytics Ingest and Job Write 2-73
2026-05-04 13:06:06,742 INFO o.a.j.t.JMeterThread: Thread finished: Scenario B - Analytics Ingest and Job Write 2-73
2026-05-04 13:06:06,742 INFO o.a.j.t.JMeterThread: Stopping because end time detected by thread: Scenario A - Job Search and Detail View 1-46
2026-05-04 13:06:06,743 INFO o.a.j.t.JMeterThread: Thread finished: Scenario A - Job Search and Detail View 1-46
2026-05-04 13:06:06,743 INFO o.a.j.t.JMeterThread: Stopping because end time detected by thread: Scenario B - Analytics Ingest and Job Write 2-60
2026-05-04 13:06:06,743 INFO o.a.j.t.JMeterThread: Thread finished: Scenario B - Analytics Ingest and Job Write 2-60
2026-05-04 13:06:06,743 INFO o.a.j.t.JMeterThread: Stopping because end time detected by thread: Scenario B - Analytics Ingest and Job Write 2-20
2026-05-04 13:06:06,743 INFO o.a.j.t.JMeterThread: Thread finished: Scenario B - Analytics Ingest and Job Write 2-20
2026-05-04 13:06:06,745 INFO o.a.j.t.JMeterThread: Stopping because end time detected by thread: Scenario A - Job Search and Detail View 1-69
2026-05-04 13:06:06,745 INFO o.a.j.t.JMeterThread: Thread finished: Scenario A - Job Search and Detail View 1-69
2026-05-04 13:06:06,745 INFO o.a.j.t.JMeterThread: Stopping because end time detected by thread: Scenario A - Job Search and Detail View 1-86
2026-05-04 13:06:06,745 INFO o.a.j.t.JMeterThread: Thread finished: Scenario A - Job Search and Detail View 1-86
2026-05-04 13:06:06,755 INFO o.a.j.t.JMeterThread: Stopping because end time detected by thread: Scenario A - Job Search and Detail View 1-64
2026-05-04 13:06:06,755 INFO o.a.j.t.JMeterThread: Thread finished: Scenario A - Job Search and Detail View 1-64
2026-05-04 13:06:06,760 INFO o.a.j.t.JMeterThread: Stopping because end time detected by thread: Scenario A - Job Search and Detail View 1-77
2026-05-04 13:06:06,760 INFO o.a.j.t.JMeterThread: Thread finished: Scenario A - Job Search and Detail View 1-77
2026-05-04 13:06:06,761 INFO o.a.j.t.JMeterThread: Stopping because end time detected by thread: Scenario B - Analytics Ingest and Job Write 2-6
2026-05-04 13:06:06,761 INFO o.a.j.t.JMeterThread: Thread finished: Scenario B - Analytics Ingest and Job Write 2-6
2026-05-04 13:06:06,761 INFO o.a.j.t.JMeterThread: Stopping because end time detected by thread: Scenario A - Job Search and Detail View 1-25
2026-05-04 13:06:06,761 INFO o.a.j.t.JMeterThread: Thread finished: Scenario A - Job Search and Detail View 1-25
2026-05-04 13:06:06,761 INFO o.a.j.t.JMeterThread: Stopping because end time detected by thread: Scenario A - Job Search and Detail View 1-39
2026-05-04 13:06:06,761 INFO o.a.j.t.JMeterThread: Thread finished: Scenario A - Job Search and Detail View 1-39
2026-05-04 13:06:06,763 INFO o.a.j.t.JMeterThread: Stopping because end time detected by thread: Scenario A - Job Search and Detail View 1-55
2026-05-04 13:06:06,763 INFO o.a.j.t.JMeterThread: Thread finished: Scenario A - Job Search and Detail View 1-55
2026-05-04 13:06:06,767 INFO o.a.j.t.JMeterThread: Stopping because end time detected by thread: Scenario A - Job Search and Detail View 1-32
2026-05-04 13:06:06,767 INFO o.a.j.t.JMeterThread: Thread finished: Scenario A - Job Search and Detail View 1-32
2026-05-04 13:06:06,772 INFO o.a.j.t.JMeterThread: Stopping because end time detected by thread: Scenario A - Job Search and Detail View 1-38
2026-05-04 13:06:06,772 INFO o.a.j.t.JMeterThread: Thread finished: Scenario A - Job Search and Detail View 1-38
2026-05-04 13:06:06,772 INFO o.a.j.t.JMeterThread: Stopping because end time detected by thread: Scenario A - Job Search and Detail View 1-67
2026-05-04 13:06:06,772 INFO o.a.j.t.JMeterThread: Thread finished: Scenario A - Job Search and Detail View 1-67
2026-05-04 13:06:06,773 INFO o.a.j.t.JMeterThread: Stopping because end time detected by thread: Scenario A - Job Search and Detail View 1-36
2026-05-04 13:06:06,773 INFO o.a.j.t.JMeterThread: Thread finished: Scenario A - Job Search and Detail View 1-36
2026-05-04 13:06:06,773 INFO o.a.j.t.JMeterThread: Stopping because end time detected by thread: Scenario B - Analytics Ingest and Job Write 2-59
2026-05-04 13:06:06,773 INFO o.a.j.t.JMeterThread: Thread finished: Scenario B - Analytics Ingest and Job Write 2-59
2026-05-04 13:06:06,773 INFO o.a.j.t.JMeterThread: Stopping because end time detected by thread: Scenario B - Analytics Ingest and Job Write 2-37
2026-05-04 13:06:06,773 INFO o.a.j.t.JMeterThread: Thread finished: Scenario B - Analytics Ingest and Job Write 2-37
2026-05-04 13:06:06,773 INFO o.a.j.t.JMeterThread: Stopping because end time detected by thread: Scenario A - Job Search and Detail View 1-8
2026-05-04 13:06:06,773 INFO o.a.j.t.JMeterThread: Thread finished: Scenario A - Job Search and Detail View 1-8
2026-05-04 13:06:06,773 INFO o.a.j.t.JMeterThread: Stopping because end time detected by thread: Scenario A - Job Search and Detail View 1-50
2026-05-04 13:06:06,773 INFO o.a.j.t.JMeterThread: Thread finished: Scenario A - Job Search and Detail View 1-50
2026-05-04 13:06:06,774 INFO o.a.j.t.JMeterThread: Stopping because end time detected by thread: Scenario A - Job Search and Detail View 1-63
2026-05-04 13:06:06,774 INFO o.a.j.t.JMeterThread: Thread finished: Scenario A - Job Search and Detail View 1-63
2026-05-04 13:06:06,774 INFO o.a.j.t.JMeterThread: Stopping because end time detected by thread: Scenario A - Job Search and Detail View 1-74
2026-05-04 13:06:06,774 INFO o.a.j.t.JMeterThread: Thread finished: Scenario A - Job Search and Detail View 1-74
2026-05-04 13:06:06,774 INFO o.a.j.t.JMeterThread: Stopping because end time detected by thread: Scenario A - Job Search and Detail View 1-44
2026-05-04 13:06:06,774 INFO o.a.j.t.JMeterThread: Thread finished: Scenario A - Job Search and Detail View 1-44
2026-05-04 13:06:06,774 INFO o.a.j.t.JMeterThread: Stopping because end time detected by thread: Scenario A - Job Search and Detail View 1-43
2026-05-04 13:06:06,774 INFO o.a.j.t.JMeterThread: Thread finished: Scenario A - Job Search and Detail View 1-43
2026-05-04 13:06:06,776 INFO o.a.j.t.JMeterThread: Stopping because end time detected by thread: Scenario B - Analytics Ingest and Job Write 2-75
2026-05-04 13:06:06,776 INFO o.a.j.t.JMeterThread: Thread finished: Scenario B - Analytics Ingest and Job Write 2-75
2026-05-04 13:06:06,779 INFO o.a.j.t.JMeterThread: Stopping because end time detected by thread: Scenario A - Job Search and Detail View 1-94
2026-05-04 13:06:06,779 INFO o.a.j.t.JMeterThread: Thread finished: Scenario A - Job Search and Detail View 1-94
2026-05-04 13:06:06,782 INFO o.a.j.t.JMeterThread: Stopping because end time detected by thread: Scenario A - Job Search and Detail View 1-99
2026-05-04 13:06:06,782 INFO o.a.j.t.JMeterThread: Thread finished: Scenario A - Job Search and Detail View 1-99
2026-05-04 13:06:06,783 INFO o.a.j.t.JMeterThread: Stopping because end time detected by thread: Scenario A - Job Search and Detail View 1-37
2026-05-04 13:06:06,783 INFO o.a.j.t.JMeterThread: Thread finished: Scenario A - Job Search and Detail View 1-37
2026-05-04 13:06:06,784 INFO o.a.j.t.JMeterThread: Stopping because end time detected by thread: Scenario A - Job Search and Detail View 1-70
2026-05-04 13:06:06,784 INFO o.a.j.t.JMeterThread: Thread finished: Scenario A - Job Search and Detail View 1-70
2026-05-04 13:06:06,784 INFO o.a.j.t.JMeterThread: Stopping because end time detected by thread: Scenario B - Analytics Ingest and Job Write 2-81
2026-05-04 13:06:06,784 INFO o.a.j.t.JMeterThread: Thread finished: Scenario B - Analytics Ingest and Job Write 2-81
2026-05-04 13:06:06,785 INFO o.a.j.t.JMeterThread: Stopping because end time detected by thread: Scenario A - Job Search and Detail View 1-97
2026-05-04 13:06:06,785 INFO o.a.j.t.JMeterThread: Thread finished: Scenario A - Job Search and Detail View 1-97
2026-05-04 13:06:06,786 INFO o.a.j.t.JMeterThread: Stopping because end time detected by thread: Scenario A - Job Search and Detail View 1-98
2026-05-04 13:06:06,787 INFO o.a.j.t.JMeterThread: Thread finished: Scenario A - Job Search and Detail View 1-98
2026-05-04 13:06:06,788 INFO o.a.j.t.JMeterThread: Stopping because end time detected by thread: Scenario B - Analytics Ingest and Job Write 2-57
2026-05-04 13:06:06,788 INFO o.a.j.t.JMeterThread: Stopping because end time detected by thread: Scenario B - Analytics Ingest and Job Write 2-66
2026-05-04 13:06:06,788 INFO o.a.j.t.JMeterThread: Thread finished: Scenario B - Analytics Ingest and Job Write 2-57
2026-05-04 13:06:06,788 INFO o.a.j.t.JMeterThread: Thread finished: Scenario B - Analytics Ingest and Job Write 2-66
2026-05-04 13:06:06,788 INFO o.a.j.t.JMeterThread: Stopping because end time detected by thread: Scenario A - Job Search and Detail View 1-71
2026-05-04 13:06:06,789 INFO o.a.j.t.JMeterThread: Thread finished: Scenario A - Job Search and Detail View 1-71
2026-05-04 13:06:06,791 INFO o.a.j.t.JMeterThread: Stopping because end time detected by thread: Scenario B - Analytics Ingest and Job Write 2-58
2026-05-04 13:06:06,791 INFO o.a.j.t.JMeterThread: Thread finished: Scenario B - Analytics Ingest and Job Write 2-58
2026-05-04 13:06:06,791 INFO o.a.j.t.JMeterThread: Stopping because end time detected by thread: Scenario A - Job Search and Detail View 1-29
2026-05-04 13:06:06,791 INFO o.a.j.t.JMeterThread: Thread finished: Scenario A - Job Search and Detail View 1-29
2026-05-04 13:06:06,791 INFO o.a.j.t.JMeterThread: Stopping because end time detected by thread: Scenario A - Job Search and Detail View 1-66
2026-05-04 13:06:06,791 INFO o.a.j.t.JMeterThread: Thread finished: Scenario A - Job Search and Detail View 1-66
2026-05-04 13:06:06,791 INFO o.a.j.t.JMeterThread: Stopping because end time detected by thread: Scenario A - Job Search and Detail View 1-34
2026-05-04 13:06:06,791 INFO o.a.j.t.JMeterThread: Thread finished: Scenario A - Job Search and Detail View 1-34
2026-05-04 13:06:06,797 INFO o.a.j.t.JMeterThread: Stopping because end time detected by thread: Scenario A - Job Search and Detail View 1-81
2026-05-04 13:06:06,797 INFO o.a.j.t.JMeterThread: Thread finished: Scenario A - Job Search and Detail View 1-81
2026-05-04 13:06:06,798 INFO o.a.j.t.JMeterThread: Stopping because end time detected by thread: Scenario B - Analytics Ingest and Job Write 2-71
2026-05-04 13:06:06,798 INFO o.a.j.t.JMeterThread: Thread finished: Scenario B - Analytics Ingest and Job Write 2-71
2026-05-04 13:06:06,798 INFO o.a.j.t.JMeterThread: Stopping because end time detected by thread: Scenario B - Analytics Ingest and Job Write 2-49
2026-05-04 13:06:06,798 INFO o.a.j.t.JMeterThread: Thread finished: Scenario B - Analytics Ingest and Job Write 2-49
2026-05-04 13:06:06,798 INFO o.a.j.t.JMeterThread: Stopping because end time detected by thread: Scenario B - Analytics Ingest and Job Write 2-42
2026-05-04 13:06:06,798 INFO o.a.j.t.JMeterThread: Thread finished: Scenario B - Analytics Ingest and Job Write 2-42
2026-05-04 13:06:06,798 INFO o.a.j.t.JMeterThread: Stopping because end time detected by thread: Scenario A - Job Search and Detail View 1-19
2026-05-04 13:06:06,798 INFO o.a.j.t.JMeterThread: Thread finished: Scenario A - Job Search and Detail View 1-19
2026-05-04 13:06:06,799 INFO o.a.j.t.JMeterThread: Stopping because end time detected by thread: Scenario A - Job Search and Detail View 1-82
2026-05-04 13:06:06,799 INFO o.a.j.t.JMeterThread: Thread finished: Scenario A - Job Search and Detail View 1-82
2026-05-04 13:06:06,799 INFO o.a.j.t.JMeterThread: Stopping because end time detected by thread: Scenario B - Analytics Ingest and Job Write 2-17
2026-05-04 13:06:06,799 INFO o.a.j.t.JMeterThread: Thread finished: Scenario B - Analytics Ingest and Job Write 2-17
2026-05-04 13:06:06,799 INFO o.a.j.t.JMeterThread: Stopping because end time detected by thread: Scenario B - Analytics Ingest and Job Write 2-86
2026-05-04 13:06:06,799 INFO o.a.j.t.JMeterThread: Thread finished: Scenario B - Analytics Ingest and Job Write 2-86
2026-05-04 13:06:06,799 INFO o.a.j.t.JMeterThread: Stopping because end time detected by thread: Scenario A - Job Search and Detail View 1-9
2026-05-04 13:06:06,799 INFO o.a.j.t.JMeterThread: Thread finished: Scenario A - Job Search and Detail View 1-9
2026-05-04 13:06:06,799 INFO o.a.j.t.JMeterThread: Stopping because end time detected by thread: Scenario B - Analytics Ingest and Job Write 2-79
2026-05-04 13:06:06,799 INFO o.a.j.t.JMeterThread: Thread finished: Scenario B - Analytics Ingest and Job Write 2-79
2026-05-04 13:06:06,802 INFO o.a.j.t.JMeterThread: Stopping because end time detected by thread: Scenario A - Job Search and Detail View 1-14
2026-05-04 13:06:06,802 INFO o.a.j.t.JMeterThread: Thread finished: Scenario A - Job Search and Detail View 1-14
2026-05-04 13:06:06,805 INFO o.a.j.t.JMeterThread: Stopping because end time detected by thread: Scenario A - Job Search and Detail View 1-28
2026-05-04 13:06:06,805 INFO o.a.j.t.JMeterThread: Thread finished: Scenario A - Job Search and Detail View 1-28
2026-05-04 13:06:06,805 INFO o.a.j.t.JMeterThread: Stopping because end time detected by thread: Scenario B - Analytics Ingest and Job Write 2-36
2026-05-04 13:06:06,805 INFO o.a.j.t.JMeterThread: Thread finished: Scenario B - Analytics Ingest and Job Write 2-36
2026-05-04 13:06:06,806 INFO o.a.j.t.JMeterThread: Stopping because end time detected by thread: Scenario B - Analytics Ingest and Job Write 2-93
2026-05-04 13:06:06,806 INFO o.a.j.t.JMeterThread: Thread finished: Scenario B - Analytics Ingest and Job Write 2-93
2026-05-04 13:06:06,807 INFO o.a.j.t.JMeterThread: Stopping because end time detected by thread: Scenario A - Job Search and Detail View 1-95
2026-05-04 13:06:06,807 INFO o.a.j.t.JMeterThread: Thread finished: Scenario A - Job Search and Detail View 1-95
2026-05-04 13:06:06,808 INFO o.a.j.t.JMeterThread: Stopping because end time detected by thread: Scenario B - Analytics Ingest and Job Write 2-26
2026-05-04 13:06:06,808 INFO o.a.j.t.JMeterThread: Thread finished: Scenario B - Analytics Ingest and Job Write 2-26
2026-05-04 13:06:06,808 INFO o.a.j.t.JMeterThread: Stopping because end time detected by thread: Scenario A - Job Search and Detail View 1-91
2026-05-04 13:06:06,808 INFO o.a.j.t.JMeterThread: Stopping because end time detected by thread: Scenario B - Analytics Ingest and Job Write 2-94
2026-05-04 13:06:06,808 INFO o.a.j.t.JMeterThread: Thread finished: Scenario A - Job Search and Detail View 1-91
2026-05-04 13:06:06,808 INFO o.a.j.t.JMeterThread: Thread finished: Scenario B - Analytics Ingest and Job Write 2-94
2026-05-04 13:06:06,808 INFO o.a.j.t.JMeterThread: Stopping because end time detected by thread: Scenario A - Job Search and Detail View 1-16
2026-05-04 13:06:06,809 INFO o.a.j.t.JMeterThread: Thread finished: Scenario A - Job Search and Detail View 1-16
2026-05-04 13:06:06,809 INFO o.a.j.t.JMeterThread: Stopping because end time detected by thread: Scenario A - Job Search and Detail View 1-40
2026-05-04 13:06:06,809 INFO o.a.j.t.JMeterThread: Thread finished: Scenario A - Job Search and Detail View 1-40
2026-05-04 13:06:06,809 INFO o.a.j.t.JMeterThread: Stopping because end time detected by thread: Scenario A - Job Search and Detail View 1-11
2026-05-04 13:06:06,809 INFO o.a.j.t.JMeterThread: Thread finished: Scenario A - Job Search and Detail View 1-11
2026-05-04 13:06:06,809 INFO o.a.j.t.JMeterThread: Stopping because end time detected by thread: Scenario A - Job Search and Detail View 1-57
2026-05-04 13:06:06,809 INFO o.a.j.t.JMeterThread: Stopping because end time detected by thread: Scenario A - Job Search and Detail View 1-13
2026-05-04 13:06:06,809 INFO o.a.j.t.JMeterThread: Thread finished: Scenario A - Job Search and Detail View 1-57
2026-05-04 13:06:06,809 INFO o.a.j.t.JMeterThread: Thread finished: Scenario A - Job Search and Detail View 1-13
2026-05-04 13:06:06,809 INFO o.a.j.t.JMeterThread: Stopping because end time detected by thread: Scenario A - Job Search and Detail View 1-88
2026-05-04 13:06:06,809 INFO o.a.j.t.JMeterThread: Thread finished: Scenario A - Job Search and Detail View 1-88
2026-05-04 13:06:06,810 INFO o.a.j.t.JMeterThread: Stopping because end time detected by thread: Scenario A - Job Search and Detail View 1-10
2026-05-04 13:06:06,810 INFO o.a.j.t.JMeterThread: Thread finished: Scenario A - Job Search and Detail View 1-10
2026-05-04 13:06:06,811 INFO o.a.j.t.JMeterThread: Stopping because end time detected by thread: Scenario A - Job Search and Detail View 1-52
2026-05-04 13:06:06,811 INFO o.a.j.t.JMeterThread: Thread finished: Scenario A - Job Search and Detail View 1-52
2026-05-04 13:06:06,811 INFO o.a.j.t.JMeterThread: Stopping because end time detected by thread: Scenario A - Job Search and Detail View 1-26
2026-05-04 13:06:06,811 INFO o.a.j.t.JMeterThread: Thread finished: Scenario A - Job Search and Detail View 1-26
2026-05-04 13:06:06,813 INFO o.a.j.t.JMeterThread: Stopping because end time detected by thread: Scenario A - Job Search and Detail View 1-89
2026-05-04 13:06:06,813 INFO o.a.j.t.JMeterThread: Thread finished: Scenario A - Job Search and Detail View 1-89
2026-05-04 13:06:06,813 INFO o.a.j.t.JMeterThread: Stopping because end time detected by thread: Scenario A - Job Search and Detail View 1-17
2026-05-04 13:06:06,813 INFO o.a.j.t.JMeterThread: Thread finished: Scenario A - Job Search and Detail View 1-17
2026-05-04 13:06:06,813 INFO o.a.j.t.JMeterThread: Stopping because end time detected by thread: Scenario A - Job Search and Detail View 1-2
2026-05-04 13:06:06,813 INFO o.a.j.t.JMeterThread: Thread finished: Scenario A - Job Search and Detail View 1-2
2026-05-04 13:06:06,813 INFO o.a.j.t.JMeterThread: Stopping because end time detected by thread: Scenario A - Job Search and Detail View 1-54
2026-05-04 13:06:06,814 INFO o.a.j.t.JMeterThread: Thread finished: Scenario A - Job Search and Detail View 1-54
2026-05-04 13:06:06,814 INFO o.a.j.t.JMeterThread: Stopping because end time detected by thread: Scenario B - Analytics Ingest and Job Write 2-63
2026-05-04 13:06:06,814 INFO o.a.j.t.JMeterThread: Thread finished: Scenario B - Analytics Ingest and Job Write 2-63
2026-05-04 13:06:06,814 INFO o.a.j.t.JMeterThread: Stopping because end time detected by thread: Scenario B - Analytics Ingest and Job Write 2-41
2026-05-04 13:06:06,814 INFO o.a.j.t.JMeterThread: Thread finished: Scenario B - Analytics Ingest and Job Write 2-41
2026-05-04 13:06:06,814 INFO o.a.j.t.JMeterThread: Stopping because end time detected by thread: Scenario A - Job Search and Detail View 1-47
2026-05-04 13:06:06,814 INFO o.a.j.t.JMeterThread: Thread finished: Scenario A - Job Search and Detail View 1-47
2026-05-04 13:06:06,814 INFO o.a.j.t.JMeterThread: Stopping because end time detected by thread: Scenario B - Analytics Ingest and Job Write 2-84
2026-05-04 13:06:06,814 INFO o.a.j.t.JMeterThread: Thread finished: Scenario B - Analytics Ingest and Job Write 2-84
2026-05-04 13:06:06,814 INFO o.a.j.t.JMeterThread: Stopping because end time detected by thread: Scenario B - Analytics Ingest and Job Write 2-2
2026-05-04 13:06:06,814 INFO o.a.j.t.JMeterThread: Thread finished: Scenario B - Analytics Ingest and Job Write 2-2
2026-05-04 13:06:06,814 INFO o.a.j.t.JMeterThread: Stopping because end time detected by thread: Scenario B - Analytics Ingest and Job Write 2-24
2026-05-04 13:06:06,814 INFO o.a.j.t.JMeterThread: Stopping because end time detected by thread: Scenario B - Analytics Ingest and Job Write 2-53
2026-05-04 13:06:06,814 INFO o.a.j.t.JMeterThread: Thread finished: Scenario B - Analytics Ingest and Job Write 2-24
2026-05-04 13:06:06,815 INFO o.a.j.t.JMeterThread: Thread finished: Scenario B - Analytics Ingest and Job Write 2-53
2026-05-04 13:06:06,815 INFO o.a.j.t.JMeterThread: Stopping because end time detected by thread: Scenario B - Analytics Ingest and Job Write 2-80
2026-05-04 13:06:06,815 INFO o.a.j.t.JMeterThread: Thread finished: Scenario B - Analytics Ingest and Job Write 2-80
2026-05-04 13:06:06,815 INFO o.a.j.t.JMeterThread: Stopping because end time detected by thread: Scenario B - Analytics Ingest and Job Write 2-44
2026-05-04 13:06:06,815 INFO o.a.j.t.JMeterThread: Thread finished: Scenario B - Analytics Ingest and Job Write 2-44
2026-05-04 13:06:06,816 INFO o.a.j.t.JMeterThread: Stopping because end time detected by thread: Scenario A - Job Search and Detail View 1-93
2026-05-04 13:06:06,816 INFO o.a.j.t.JMeterThread: Thread finished: Scenario A - Job Search and Detail View 1-93
2026-05-04 13:06:06,817 INFO o.a.j.t.JMeterThread: Stopping because end time detected by thread: Scenario B - Analytics Ingest and Job Write 2-48
2026-05-04 13:06:06,817 INFO o.a.j.t.JMeterThread: Thread finished: Scenario B - Analytics Ingest and Job Write 2-48
2026-05-04 13:06:06,818 INFO o.a.j.t.JMeterThread: Stopping because end time detected by thread: Scenario A - Job Search and Detail View 1-80
2026-05-04 13:06:06,818 INFO o.a.j.t.JMeterThread: Thread finished: Scenario A - Job Search and Detail View 1-80
2026-05-04 13:06:06,818 INFO o.a.j.t.JMeterThread: Stopping because end time detected by thread: Scenario B - Analytics Ingest and Job Write 2-89
2026-05-04 13:06:06,818 INFO o.a.j.t.JMeterThread: Thread finished: Scenario B - Analytics Ingest and Job Write 2-89
2026-05-04 13:06:06,818 INFO o.a.j.t.JMeterThread: Stopping because end time detected by thread: Scenario B - Analytics Ingest and Job Write 2-46
2026-05-04 13:06:06,818 INFO o.a.j.t.JMeterThread: Thread finished: Scenario B - Analytics Ingest and Job Write 2-46
2026-05-04 13:06:06,819 INFO o.a.j.t.JMeterThread: Stopping because end time detected by thread: Scenario B - Analytics Ingest and Job Write 2-67
2026-05-04 13:06:06,819 INFO o.a.j.t.JMeterThread: Thread finished: Scenario B - Analytics Ingest and Job Write 2-67
2026-05-04 13:06:06,819 INFO o.a.j.t.JMeterThread: Stopping because end time detected by thread: Scenario B - Analytics Ingest and Job Write 2-34
2026-05-04 13:06:06,820 INFO o.a.j.t.JMeterThread: Thread finished: Scenario B - Analytics Ingest and Job Write 2-34
2026-05-04 13:06:06,820 INFO o.a.j.t.JMeterThread: Stopping because end time detected by thread: Scenario A - Job Search and Detail View 1-76
2026-05-04 13:06:06,820 INFO o.a.j.t.JMeterThread: Thread finished: Scenario A - Job Search and Detail View 1-76
2026-05-04 13:06:06,820 INFO o.a.j.t.JMeterThread: Stopping because end time detected by thread: Scenario A - Job Search and Detail View 1-41
2026-05-04 13:06:06,820 INFO o.a.j.t.JMeterThread: Thread finished: Scenario A - Job Search and Detail View 1-41
2026-05-04 13:06:06,820 INFO o.a.j.t.JMeterThread: Stopping because end time detected by thread: Scenario A - Job Search and Detail View 1-58
2026-05-04 13:06:06,820 INFO o.a.j.t.JMeterThread: Thread finished: Scenario A - Job Search and Detail View 1-58
2026-05-04 13:06:06,821 INFO o.a.j.t.JMeterThread: Stopping because end time detected by thread: Scenario B - Analytics Ingest and Job Write 2-54
2026-05-04 13:06:06,821 INFO o.a.j.t.JMeterThread: Thread finished: Scenario B - Analytics Ingest and Job Write 2-54
2026-05-04 13:06:06,821 INFO o.a.j.e.StandardJMeterEngine: Notifying test listeners of end of test
2026-05-04 13:06:06,822 INFO o.a.j.s.FileServer: Close: job_ids.csv
2026-05-04 13:06:06,830 INFO o.a.j.r.Summariser: summary +   5909 in 00:00:07 =  866.4/s Avg:   129 Min:     2 Max:   270 Err:     0 (0.00%) Active: 0 Started: 200 Finished: 200
2026-05-04 13:06:06,831 INFO o.a.j.r.Summariser: summary =  36146 in 00:01:00 =  600.6/s Avg:   202 Min:     1 Max:  1681 Err:     0 (0.00%)
2026-05-04 13:06:06,831 INFO o.a.j.JMeter: Generating Dashboard
2026-05-04 13:06:06,831 INFO o.a.j.r.d.ReportGenerator: Flushing result collector before report Generation
2026-05-04 13:06:06,852 INFO o.a.j.r.p.NormalizerSampleConsumer: Using format, 'ms', to parse timeStamp field
2026-05-04 13:06:07,445 INFO o.a.j.r.p.AbstractSampleConsumer: class org.apache.jmeter.report.processor.AggregateConsumer#stopProducing(): beginDate produced 0 samples
2026-05-04 13:06:07,445 INFO o.a.j.r.p.AbstractSampleConsumer: class org.apache.jmeter.report.processor.AggregateConsumer#stopProducing(): endDate produced 0 samples
2026-05-04 13:06:07,448 INFO o.a.j.r.p.AbstractSampleConsumer: class org.apache.jmeter.report.processor.ApdexSummaryConsumer#stopProducing(): apdexSummary produced 0 samples
2026-05-04 13:06:07,448 INFO o.a.j.r.p.AbstractSampleConsumer: class org.apache.jmeter.report.processor.RequestsSummaryConsumer#stopProducing(): requestsSummary produced 0 samples
2026-05-04 13:06:07,456 INFO o.a.j.r.p.AbstractSampleConsumer: class org.apache.jmeter.report.processor.StatisticsSummaryConsumer#stopProducing(): statisticsSummary produced 0 samples
2026-05-04 13:06:07,459 INFO o.a.j.r.p.AbstractSampleConsumer: class org.apache.jmeter.report.processor.Top5ErrorsBySamplerConsumer#stopProducing(): top5ErrorsBySampler produced 0 samples
2026-05-04 13:06:07,459 INFO o.a.j.r.p.AbstractSampleConsumer: class org.apache.jmeter.report.processor.ErrorsSummaryConsumer#stopProducing(): errorsSummary produced 0 samples
2026-05-04 13:06:07,459 INFO o.a.j.r.p.AbstractSampleConsumer: class org.apache.jmeter.report.processor.graph.impl.HitsPerSecondGraphConsumer#stopProducing(): hitsPerSecond produced 0 samples
2026-05-04 13:06:07,659 INFO o.a.j.r.p.AbstractSampleConsumer: class org.apache.jmeter.report.processor.graph.impl.LatencyVSRequestGraphConsumer#stopProducing(): latencyVsRequest produced 0 samples
2026-05-04 13:06:07,660 INFO o.a.j.r.p.AbstractSampleConsumer: class org.apache.jmeter.report.processor.graph.impl.SyntheticResponseTimeDistributionGraphConsumer#stopProducing(): syntheticResponseTimeDistribution produced 0 samples
2026-05-04 13:06:07,660 INFO o.a.j.r.p.AbstractSampleConsumer: class org.apache.jmeter.report.processor.graph.impl.BytesThroughputGraphConsumer#stopProducing(): bytesThroughputOverTime produced 0 samples
2026-05-04 13:06:07,660 INFO o.a.j.r.p.AbstractSampleConsumer: class org.apache.jmeter.report.processor.graph.impl.CodesPerSecondGraphConsumer#stopProducing(): codesPerSecond produced 0 samples
2026-05-04 13:06:07,820 INFO o.a.j.r.p.AbstractSampleConsumer: class org.apache.jmeter.report.processor.graph.impl.ResponseTimeVSRequestGraphConsumer#stopProducing(): responseTimeVsRequest produced 0 samples
2026-05-04 13:06:07,821 INFO o.a.j.r.p.AbstractSampleConsumer: class org.apache.jmeter.report.processor.FilterConsumer#stopProducing(): startIntervalControlerFilter produced 253022 samples
2026-05-04 13:06:07,821 INFO o.a.j.r.p.AbstractSampleConsumer: class org.apache.jmeter.report.processor.graph.impl.TotalTPSGraphConsumer#stopProducing(): totalTPS produced 0 samples
2026-05-04 13:06:07,821 INFO o.a.j.r.p.AbstractSampleConsumer: class org.apache.jmeter.report.processor.graph.impl.ActiveThreadsGraphConsumer#stopProducing(): activeThreadsOverTime produced 0 samples
2026-05-04 13:06:07,821 INFO o.a.j.r.p.AbstractSampleConsumer: class org.apache.jmeter.report.processor.graph.impl.TimeVSThreadGraphConsumer#stopProducing(): timeVsThreads produced 0 samples
2026-05-04 13:06:07,822 INFO o.a.j.r.p.AbstractSampleConsumer: class org.apache.jmeter.report.processor.graph.impl.ResponseTimeDistributionGraphConsumer#stopProducing(): responseTimeDistribution produced 0 samples
2026-05-04 13:06:07,822 INFO o.a.j.r.p.AbstractSampleConsumer: class org.apache.jmeter.report.processor.graph.impl.TransactionsPerSecondGraphConsumer#stopProducing(): transactionsPerSecond produced 0 samples
2026-05-04 13:06:07,822 INFO o.a.j.r.p.AbstractSampleConsumer: class org.apache.jmeter.report.processor.graph.impl.ResponseTimePercentilesGraphConsumer#stopProducing(): responseTimePercentiles produced 0 samples
2026-05-04 13:06:07,825 INFO o.a.j.r.p.AbstractSampleConsumer: class org.apache.jmeter.report.processor.graph.impl.ResponseTimePercentilesOverTimeGraphConsumer#stopProducing(): responseTimePercentilesOverTime produced 0 samples
2026-05-04 13:06:07,826 INFO o.a.j.r.p.AbstractSampleConsumer: class org.apache.jmeter.report.processor.graph.impl.ResponseTimeOverTimeGraphConsumer#stopProducing(): responseTimesOverTime produced 0 samples
2026-05-04 13:06:07,826 INFO o.a.j.r.p.AbstractSampleConsumer: class org.apache.jmeter.report.processor.graph.impl.ConnectTimeOverTimeGraphConsumer#stopProducing(): connectTimeOverTime produced 0 samples
2026-05-04 13:06:07,826 INFO o.a.j.r.p.AbstractSampleConsumer: class org.apache.jmeter.report.processor.graph.impl.LatencyOverTimeGraphConsumer#stopProducing(): latenciesOverTime produced 0 samples
2026-05-04 13:06:07,826 INFO o.a.j.r.p.AbstractSampleConsumer: class org.apache.jmeter.report.processor.FilterConsumer#stopProducing(): nameFilter produced 542190 samples
2026-05-04 13:06:07,826 INFO o.a.j.r.p.AbstractSampleConsumer: class org.apache.jmeter.report.processor.FilterConsumer#stopProducing(): dateRangeFilter produced 108438 samples
2026-05-04 13:06:07,826 INFO o.a.j.r.p.AbstractSampleConsumer: class org.apache.jmeter.report.processor.NormalizerSampleConsumer#stopProducing(): normalizer produced 36146 samples
2026-05-04 13:06:07,826 INFO o.a.j.r.p.CsvFileSampleSource: produce(): 36146 samples produced in 961ms on channel 0
2026-05-04 13:06:07,826 INFO o.a.j.r.d.ReportGenerator: Exporting data using exporter:'json' of className:'org.apache.jmeter.report.dashboard.JsonExporter'
2026-05-04 13:06:07,870 INFO o.a.j.r.d.JsonExporter: Found data for consumer statisticsSummary in context
2026-05-04 13:06:07,871 INFO o.a.j.r.d.JsonExporter: Creating statistics for overall
2026-05-04 13:06:07,871 INFO o.a.j.r.d.JsonExporter: Creating statistics for other transactions
2026-05-04 13:06:07,871 INFO o.a.j.r.d.JsonExporter: Checking output folder
2026-05-04 13:06:07,871 INFO o.a.j.r.d.JsonExporter: Writing statistics JSON to /Users/nishusharma/Desktop/LinkedIn-Simulation/jmeter/report_BSKO2/statistics.json
2026-05-04 13:06:07,897 INFO o.a.j.r.d.ReportGenerator: Exporting data using exporter:'html' of className:'org.apache.jmeter.report.dashboard.HtmlTemplateExporter'
2026-05-04 13:06:07,898 INFO o.a.j.r.d.HtmlTemplateExporter: Will generate dashboard in folder: /Users/nishusharma/Desktop/LinkedIn-Simulation/jmeter/report_BSKO2
2026-05-04 13:06:07,978 INFO o.a.j.r.d.HtmlTemplateExporter: Report will be generated in: /Users/nishusharma/Desktop/LinkedIn-Simulation/jmeter/report_BSKO2, creating folder structure
2026-05-04 13:06:07,980 INFO o.a.j.r.d.TemplateVisitor: Copying folder from '/opt/homebrew/Cellar/jmeter/5.6.3/libexec/bin/report-template' to '/Users/nishusharma/Desktop/LinkedIn-Simulation/jmeter/report_BSKO2', got message: /Users/nishusharma/Desktop/LinkedIn-Simulation/jmeter/report_BSKO2, found non empty folder with following content [/Users/nishusharma/Desktop/LinkedIn-Simulation/jmeter/report_BSKO2/statistics.json], will be ignored
2026-05-04 13:06:08,192 INFO o.a.j.JMeter: Dashboard generated
