2026-05-05 03:27:54,131 INFO o.a.j.u.JMeterUtils: Setting Locale to en_EN
2026-05-05 03:27:54,140 INFO o.a.j.JMeter: Loading user properties from: /opt/homebrew/Cellar/jmeter/5.6.3/libexec/bin/user.properties
2026-05-05 03:27:54,141 INFO o.a.j.JMeter: Loading system properties from: /opt/homebrew/Cellar/jmeter/5.6.3/libexec/bin/system.properties
2026-05-05 03:27:54,143 INFO o.a.j.JMeter: Copyright (c) 1998-2024 The Apache Software Foundation
2026-05-05 03:27:54,143 INFO o.a.j.JMeter: Version 5.6.3
2026-05-05 03:27:54,143 INFO o.a.j.JMeter: java.version=21.0.11
2026-05-05 03:27:54,143 INFO o.a.j.JMeter: java.vm.name=OpenJDK 64-Bit Server VM
2026-05-05 03:27:54,143 INFO o.a.j.JMeter: os.name=Mac OS X
2026-05-05 03:27:54,143 INFO o.a.j.JMeter: os.arch=aarch64
2026-05-05 03:27:54,143 INFO o.a.j.JMeter: os.version=15.0
2026-05-05 03:27:54,143 INFO o.a.j.JMeter: file.encoding=UTF-8
2026-05-05 03:27:54,144 INFO o.a.j.JMeter: java.awt.headless=true
2026-05-05 03:27:54,144 INFO o.a.j.JMeter: Max memory     =1073741824
2026-05-05 03:27:54,144 INFO o.a.j.JMeter: Available Processors =8
2026-05-05 03:27:54,148 INFO o.a.j.JMeter: Default Locale=English (EN)
2026-05-05 03:27:54,148 INFO o.a.j.JMeter: JMeter  Locale=English (EN)
2026-05-05 03:27:54,148 INFO o.a.j.JMeter: JMeterHome=/opt/homebrew/Cellar/jmeter/5.6.3/libexec
2026-05-05 03:27:54,148 INFO o.a.j.JMeter: user.dir  =/Users/nishusharma/Desktop/LinkedIn-Simulation/jmeter
2026-05-05 03:27:54,148 INFO o.a.j.JMeter: PWD       =/Users/nishusharma/Desktop/LinkedIn-Simulation/jmeter
2026-05-05 03:27:54,150 INFO o.a.j.JMeter: IP: 192.168.1.159 Name: Mac.attlocal.net FullName: mac.attlocal.net
2026-05-05 03:27:54,157 INFO o.a.j.s.FileServer: Default base='/Users/nishusharma/Desktop/LinkedIn-Simulation/jmeter'
2026-05-05 03:27:54,158 INFO o.a.j.s.FileServer: Set new base='/Users/nishusharma/Desktop/LinkedIn-Simulation/jmeter'
2026-05-05 03:27:54,233 INFO o.a.j.s.SaveService: Testplan (JMX) version: 2.2. Testlog (JTL) version: 2.2
2026-05-05 03:27:54,248 INFO o.a.j.s.SaveService: Using SaveService properties version 5.0
2026-05-05 03:27:54,250 INFO o.a.j.s.SaveService: Using SaveService properties file encoding UTF-8
2026-05-05 03:27:54,251 INFO o.a.j.s.SaveService: Loading file: linkedin_test_v2.jmx
2026-05-05 03:27:54,288 INFO o.a.j.p.h.s.HTTPSamplerBase: Parser for text/html is org.apache.jmeter.protocol.http.parser.LagartoBasedHtmlParser
2026-05-05 03:27:54,288 INFO o.a.j.p.h.s.HTTPSamplerBase: Parser for application/xhtml+xml is org.apache.jmeter.protocol.http.parser.LagartoBasedHtmlParser
2026-05-05 03:27:54,289 INFO o.a.j.p.h.s.HTTPSamplerBase: Parser for application/xml is org.apache.jmeter.protocol.http.parser.LagartoBasedHtmlParser
2026-05-05 03:27:54,289 INFO o.a.j.p.h.s.HTTPSamplerBase: Parser for text/xml is org.apache.jmeter.protocol.http.parser.LagartoBasedHtmlParser
2026-05-05 03:27:54,289 INFO o.a.j.p.h.s.HTTPSamplerBase: Parser for text/vnd.wap.wml is org.apache.jmeter.protocol.http.parser.RegexpHTMLParser
2026-05-05 03:27:54,289 INFO o.a.j.p.h.s.HTTPSamplerBase: Parser for text/css is org.apache.jmeter.protocol.http.parser.CssParser
2026-05-05 03:27:54,302 INFO o.a.j.JMeter: Creating summariser <summary>
2026-05-05 03:27:54,306 INFO o.a.j.e.StandardJMeterEngine: Running the test!
2026-05-05 03:27:54,307 INFO o.a.j.s.SampleEvent: List of sample_variables: []
2026-05-05 03:27:54,307 INFO o.a.j.s.SampleEvent: List of sample_variables: []
2026-05-05 03:27:54,308 INFO o.a.j.e.u.CompoundVariable: Note: Function class names must contain the string: '.functions.'
2026-05-05 03:27:54,308 INFO o.a.j.e.u.CompoundVariable: Note: Function class names must not contain the string: '.gui.'
2026-05-05 03:27:54,325 INFO o.a.j.r.ClassFinder: Will scan jar /opt/homebrew/Cellar/jmeter/5.6.3/libexec/lib/ext/jmeter-plugins-manager-1.9.jar with filter ExtendsClassFilter [parents=[interface org.apache.jmeter.functions.Function], inner=false, contains=null, notContains=null]. Consider exposing JMeter plugins via META-INF/services, and add JMeter-Skip-Class-Scanning=true manifest attribute so JMeter can skip classfile scanning
2026-05-05 03:27:54,435 INFO o.a.j.JMeter: Running test (1777976874435)
2026-05-05 03:27:54,444 INFO o.a.j.e.StandardJMeterEngine: Starting ThreadGroup: 1 : Scenario A - Job Search and Detail View
2026-05-05 03:27:54,445 INFO o.a.j.e.StandardJMeterEngine: Starting 100 threads for group Scenario A - Job Search and Detail View.
2026-05-05 03:27:54,445 INFO o.a.j.e.StandardJMeterEngine: Thread will continue on error
2026-05-05 03:27:54,445 INFO o.a.j.t.ThreadGroup: Starting thread group... number=1 threads=100 ramp-up=10 delayedStart=false
2026-05-05 03:27:54,453 INFO o.a.j.t.JMeterThread: Thread started: Scenario A - Job Search and Detail View 1-1
2026-05-05 03:27:54,455 INFO o.a.j.s.FileServer: Stored: job_ids.csv
2026-05-05 03:27:54,467 INFO o.a.j.t.ThreadGroup: Started thread group number 1
2026-05-05 03:27:54,468 INFO o.a.j.e.StandardJMeterEngine: Starting ThreadGroup: 2 : Scenario B - Analytics Ingest and Job Write
2026-05-05 03:27:54,468 INFO o.a.j.e.StandardJMeterEngine: Starting 100 threads for group Scenario B - Analytics Ingest and Job Write.
2026-05-05 03:27:54,468 INFO o.a.j.e.StandardJMeterEngine: Thread will continue on error
2026-05-05 03:27:54,468 INFO o.a.j.t.ThreadGroup: Starting thread group... number=2 threads=100 ramp-up=10 delayedStart=false
2026-05-05 03:27:54,468 INFO o.a.j.t.JMeterThread: Thread started: Scenario B - Analytics Ingest and Job Write 2-1
2026-05-05 03:27:54,483 INFO o.a.j.t.ThreadGroup: Started thread group number 2
2026-05-05 03:27:54,483 INFO o.a.j.e.StandardJMeterEngine: All thread groups have been started
2026-05-05 03:27:54,557 INFO o.a.j.t.JMeterThread: Thread started: Scenario A - Job Search and Detail View 1-2
2026-05-05 03:27:54,571 INFO o.a.j.t.JMeterThread: Thread started: Scenario B - Analytics Ingest and Job Write 2-2
2026-05-05 03:27:54,656 INFO o.a.j.t.JMeterThread: Thread started: Scenario A - Job Search and Detail View 1-3
2026-05-05 03:27:54,670 INFO o.a.j.t.JMeterThread: Thread started: Scenario B - Analytics Ingest and Job Write 2-3
2026-05-05 03:27:54,755 INFO o.a.j.t.JMeterThread: Thread started: Scenario A - Job Search and Detail View 1-4
2026-05-05 03:27:54,774 INFO o.a.j.t.JMeterThread: Thread started: Scenario B - Analytics Ingest and Job Write 2-4
2026-05-05 03:27:54,818 INFO o.a.j.p.h.s.HTTPHCAbstractImpl: Local host = Mac.attlocal.net
2026-05-05 03:27:54,821 INFO o.a.j.p.h.s.HTTPHC4Impl: HTTP request retry count = 0
2026-05-05 03:27:54,821 INFO o.a.j.s.SampleResult: Note: Sample TimeStamps are START times
2026-05-05 03:27:54,822 INFO o.a.j.s.SampleResult: sampleresult.default.encoding is set to UTF-8
2026-05-05 03:27:54,822 INFO o.a.j.s.SampleResult: sampleresult.useNanoTime=true
2026-05-05 03:27:54,822 INFO o.a.j.s.SampleResult: sampleresult.nanoThreadSleep=5000
2026-05-05 03:27:54,853 INFO o.a.j.t.JMeterThread: Thread started: Scenario A - Job Search and Detail View 1-5
2026-05-05 03:27:54,874 INFO o.a.j.t.JMeterThread: Thread started: Scenario B - Analytics Ingest and Job Write 2-5
2026-05-05 03:27:54,957 INFO o.a.j.t.JMeterThread: Thread started: Scenario A - Job Search and Detail View 1-6
2026-05-05 03:27:54,974 INFO o.a.j.t.JMeterThread: Thread started: Scenario B - Analytics Ingest and Job Write 2-6
2026-05-05 03:27:55,058 INFO o.a.j.t.JMeterThread: Thread started: Scenario A - Job Search and Detail View 1-7
2026-05-05 03:27:55,073 INFO o.a.j.t.JMeterThread: Thread started: Scenario B - Analytics Ingest and Job Write 2-7
2026-05-05 03:27:55,157 INFO o.a.j.t.JMeterThread: Thread started: Scenario A - Job Search and Detail View 1-8
2026-05-05 03:27:55,173 INFO o.a.j.t.JMeterThread: Thread started: Scenario B - Analytics Ingest and Job Write 2-8
2026-05-05 03:27:55,256 INFO o.a.j.t.JMeterThread: Thread started: Scenario A - Job Search and Detail View 1-9
2026-05-05 03:27:55,273 INFO o.a.j.t.JMeterThread: Thread started: Scenario B - Analytics Ingest and Job Write 2-9
2026-05-05 03:27:55,356 INFO o.a.j.t.JMeterThread: Thread started: Scenario A - Job Search and Detail View 1-10
2026-05-05 03:27:55,374 INFO o.a.j.t.JMeterThread: Thread started: Scenario B - Analytics Ingest and Job Write 2-10
2026-05-05 03:27:55,456 INFO o.a.j.t.JMeterThread: Thread started: Scenario A - Job Search and Detail View 1-11
2026-05-05 03:27:55,474 INFO o.a.j.t.JMeterThread: Thread started: Scenario B - Analytics Ingest and Job Write 2-11
2026-05-05 03:27:55,554 INFO o.a.j.t.JMeterThread: Thread started: Scenario A - Job Search and Detail View 1-12
2026-05-05 03:27:55,573 INFO o.a.j.t.JMeterThread: Thread started: Scenario B - Analytics Ingest and Job Write 2-12
2026-05-05 03:27:55,654 INFO o.a.j.t.JMeterThread: Thread started: Scenario A - Job Search and Detail View 1-13
2026-05-05 03:27:55,672 INFO o.a.j.t.JMeterThread: Thread started: Scenario B - Analytics Ingest and Job Write 2-13
2026-05-05 03:27:55,754 INFO o.a.j.t.JMeterThread: Thread started: Scenario A - Job Search and Detail View 1-14
2026-05-05 03:27:55,773 INFO o.a.j.t.JMeterThread: Thread started: Scenario B - Analytics Ingest and Job Write 2-14
2026-05-05 03:27:55,854 INFO o.a.j.t.JMeterThread: Thread started: Scenario A - Job Search and Detail View 1-15
2026-05-05 03:27:55,873 INFO o.a.j.t.JMeterThread: Thread started: Scenario B - Analytics Ingest and Job Write 2-15
2026-05-05 03:27:55,954 INFO o.a.j.t.JMeterThread: Thread started: Scenario A - Job Search and Detail View 1-16
2026-05-05 03:27:55,971 INFO o.a.j.t.JMeterThread: Thread started: Scenario B - Analytics Ingest and Job Write 2-16
2026-05-05 03:27:56,053 INFO o.a.j.t.JMeterThread: Thread started: Scenario A - Job Search and Detail View 1-17
2026-05-05 03:27:56,074 INFO o.a.j.t.JMeterThread: Thread started: Scenario B - Analytics Ingest and Job Write 2-17
2026-05-05 03:27:56,153 INFO o.a.j.t.JMeterThread: Thread started: Scenario A - Job Search and Detail View 1-18
2026-05-05 03:27:56,172 INFO o.a.j.t.JMeterThread: Thread started: Scenario B - Analytics Ingest and Job Write 2-18
2026-05-05 03:27:56,252 INFO o.a.j.t.JMeterThread: Thread started: Scenario A - Job Search and Detail View 1-19
2026-05-05 03:27:56,271 INFO o.a.j.t.JMeterThread: Thread started: Scenario B - Analytics Ingest and Job Write 2-19
2026-05-05 03:27:56,352 INFO o.a.j.t.JMeterThread: Thread started: Scenario A - Job Search and Detail View 1-20
2026-05-05 03:27:56,372 INFO o.a.j.t.JMeterThread: Thread started: Scenario B - Analytics Ingest and Job Write 2-20
2026-05-05 03:27:56,454 INFO o.a.j.t.JMeterThread: Thread started: Scenario A - Job Search and Detail View 1-21
2026-05-05 03:27:56,469 INFO o.a.j.t.JMeterThread: Thread started: Scenario B - Analytics Ingest and Job Write 2-21
2026-05-05 03:27:56,551 INFO o.a.j.t.JMeterThread: Thread started: Scenario A - Job Search and Detail View 1-22
2026-05-05 03:27:56,571 INFO o.a.j.t.JMeterThread: Thread started: Scenario B - Analytics Ingest and Job Write 2-22
2026-05-05 03:27:56,651 INFO o.a.j.t.JMeterThread: Thread started: Scenario A - Job Search and Detail View 1-23
2026-05-05 03:27:56,672 INFO o.a.j.t.JMeterThread: Thread started: Scenario B - Analytics Ingest and Job Write 2-23
2026-05-05 03:27:56,749 INFO o.a.j.t.JMeterThread: Thread started: Scenario A - Job Search and Detail View 1-24
2026-05-05 03:27:56,774 INFO o.a.j.t.JMeterThread: Thread started: Scenario B - Analytics Ingest and Job Write 2-24
2026-05-05 03:27:56,847 INFO o.a.j.t.JMeterThread: Thread started: Scenario A - Job Search and Detail View 1-25
2026-05-05 03:27:56,872 INFO o.a.j.t.JMeterThread: Thread started: Scenario B - Analytics Ingest and Job Write 2-25
2026-05-05 03:27:56,950 INFO o.a.j.t.JMeterThread: Thread started: Scenario A - Job Search and Detail View 1-26
2026-05-05 03:27:56,972 INFO o.a.j.t.JMeterThread: Thread started: Scenario B - Analytics Ingest and Job Write 2-26
2026-05-05 03:27:57,047 INFO o.a.j.t.JMeterThread: Thread started: Scenario A - Job Search and Detail View 1-27
2026-05-05 03:27:57,070 INFO o.a.j.t.JMeterThread: Thread started: Scenario B - Analytics Ingest and Job Write 2-27
2026-05-05 03:27:57,151 INFO o.a.j.t.JMeterThread: Thread started: Scenario A - Job Search and Detail View 1-28
2026-05-05 03:27:57,171 INFO o.a.j.t.JMeterThread: Thread started: Scenario B - Analytics Ingest and Job Write 2-28
2026-05-05 03:27:57,250 INFO o.a.j.t.JMeterThread: Thread started: Scenario A - Job Search and Detail View 1-29
2026-05-05 03:27:57,272 INFO o.a.j.t.JMeterThread: Thread started: Scenario B - Analytics Ingest and Job Write 2-29
2026-05-05 03:27:57,350 INFO o.a.j.t.JMeterThread: Thread started: Scenario A - Job Search and Detail View 1-30
2026-05-05 03:27:57,373 INFO o.a.j.t.JMeterThread: Thread started: Scenario B - Analytics Ingest and Job Write 2-30
2026-05-05 03:27:57,445 INFO o.a.j.t.JMeterThread: Thread started: Scenario A - Job Search and Detail View 1-31
2026-05-05 03:27:57,470 INFO o.a.j.t.JMeterThread: Thread started: Scenario B - Analytics Ingest and Job Write 2-31
2026-05-05 03:27:57,549 INFO o.a.j.t.JMeterThread: Thread started: Scenario A - Job Search and Detail View 1-32
2026-05-05 03:27:57,571 INFO o.a.j.t.JMeterThread: Thread started: Scenario B - Analytics Ingest and Job Write 2-32
2026-05-05 03:27:57,651 INFO o.a.j.t.JMeterThread: Thread started: Scenario A - Job Search and Detail View 1-33
2026-05-05 03:27:57,672 INFO o.a.j.t.JMeterThread: Thread started: Scenario B - Analytics Ingest and Job Write 2-33
2026-05-05 03:27:57,749 INFO o.a.j.t.JMeterThread: Thread started: Scenario A - Job Search and Detail View 1-34
2026-05-05 03:27:57,773 INFO o.a.j.t.JMeterThread: Thread started: Scenario B - Analytics Ingest and Job Write 2-34
2026-05-05 03:27:57,850 INFO o.a.j.t.JMeterThread: Thread started: Scenario A - Job Search and Detail View 1-35
2026-05-05 03:27:57,873 INFO o.a.j.t.JMeterThread: Thread started: Scenario B - Analytics Ingest and Job Write 2-35
2026-05-05 03:27:57,951 INFO o.a.j.t.JMeterThread: Thread started: Scenario A - Job Search and Detail View 1-36
2026-05-05 03:27:57,973 INFO o.a.j.t.JMeterThread: Thread started: Scenario B - Analytics Ingest and Job Write 2-36
2026-05-05 03:27:58,051 INFO o.a.j.t.JMeterThread: Thread started: Scenario A - Job Search and Detail View 1-37
2026-05-05 03:27:58,073 INFO o.a.j.t.JMeterThread: Thread started: Scenario B - Analytics Ingest and Job Write 2-37
2026-05-05 03:27:58,148 INFO o.a.j.t.JMeterThread: Thread started: Scenario A - Job Search and Detail View 1-38
2026-05-05 03:27:58,169 INFO o.a.j.t.JMeterThread: Thread started: Scenario B - Analytics Ingest and Job Write 2-38
2026-05-05 03:27:58,246 INFO o.a.j.t.JMeterThread: Thread started: Scenario A - Job Search and Detail View 1-39
2026-05-05 03:27:58,271 INFO o.a.j.t.JMeterThread: Thread started: Scenario B - Analytics Ingest and Job Write 2-39
2026-05-05 03:27:58,359 INFO o.a.j.t.JMeterThread: Thread started: Scenario A - Job Search and Detail View 1-40
2026-05-05 03:27:58,375 INFO o.a.j.t.JMeterThread: Thread started: Scenario B - Analytics Ingest and Job Write 2-40
2026-05-05 03:27:58,452 INFO o.a.j.t.JMeterThread: Thread started: Scenario A - Job Search and Detail View 1-41
2026-05-05 03:27:58,473 INFO o.a.j.t.JMeterThread: Thread started: Scenario B - Analytics Ingest and Job Write 2-41
2026-05-05 03:27:58,545 INFO o.a.j.t.JMeterThread: Thread started: Scenario A - Job Search and Detail View 1-42
2026-05-05 03:27:58,570 INFO o.a.j.t.JMeterThread: Thread started: Scenario B - Analytics Ingest and Job Write 2-42
2026-05-05 03:27:58,651 INFO o.a.j.t.JMeterThread: Thread started: Scenario A - Job Search and Detail View 1-43
2026-05-05 03:27:58,670 INFO o.a.j.t.JMeterThread: Thread started: Scenario B - Analytics Ingest and Job Write 2-43
2026-05-05 03:27:58,746 INFO o.a.j.t.JMeterThread: Thread started: Scenario A - Job Search and Detail View 1-44
2026-05-05 03:27:58,773 INFO o.a.j.t.JMeterThread: Thread started: Scenario B - Analytics Ingest and Job Write 2-44
2026-05-05 03:27:58,850 INFO o.a.j.t.JMeterThread: Thread started: Scenario A - Job Search and Detail View 1-45
2026-05-05 03:27:58,873 INFO o.a.j.t.JMeterThread: Thread started: Scenario B - Analytics Ingest and Job Write 2-45
2026-05-05 03:27:58,950 INFO o.a.j.t.JMeterThread: Thread started: Scenario A - Job Search and Detail View 1-46
2026-05-05 03:27:58,973 INFO o.a.j.t.JMeterThread: Thread started: Scenario B - Analytics Ingest and Job Write 2-46
2026-05-05 03:27:59,051 INFO o.a.j.t.JMeterThread: Thread started: Scenario A - Job Search and Detail View 1-47
2026-05-05 03:27:59,073 INFO o.a.j.t.JMeterThread: Thread started: Scenario B - Analytics Ingest and Job Write 2-47
2026-05-05 03:27:59,151 INFO o.a.j.t.JMeterThread: Thread started: Scenario A - Job Search and Detail View 1-48
2026-05-05 03:27:59,173 INFO o.a.j.t.JMeterThread: Thread started: Scenario B - Analytics Ingest and Job Write 2-48
2026-05-05 03:27:59,250 INFO o.a.j.t.JMeterThread: Thread started: Scenario A - Job Search and Detail View 1-49
2026-05-05 03:27:59,274 INFO o.a.j.t.JMeterThread: Thread started: Scenario B - Analytics Ingest and Job Write 2-49
2026-05-05 03:27:59,350 INFO o.a.j.t.JMeterThread: Thread started: Scenario A - Job Search and Detail View 1-50
2026-05-05 03:27:59,373 INFO o.a.j.t.JMeterThread: Thread started: Scenario B - Analytics Ingest and Job Write 2-50
2026-05-05 03:27:59,447 INFO o.a.j.t.JMeterThread: Thread started: Scenario A - Job Search and Detail View 1-51
2026-05-05 03:27:59,470 INFO o.a.j.t.JMeterThread: Thread started: Scenario B - Analytics Ingest and Job Write 2-51
2026-05-05 03:27:59,546 INFO o.a.j.t.JMeterThread: Thread started: Scenario A - Job Search and Detail View 1-52
2026-05-05 03:27:59,573 INFO o.a.j.t.JMeterThread: Thread started: Scenario B - Analytics Ingest and Job Write 2-52
2026-05-05 03:27:59,646 INFO o.a.j.t.JMeterThread: Thread started: Scenario A - Job Search and Detail View 1-53
2026-05-05 03:27:59,673 INFO o.a.j.t.JMeterThread: Thread started: Scenario B - Analytics Ingest and Job Write 2-53
2026-05-05 03:27:59,758 INFO o.a.j.t.JMeterThread: Thread started: Scenario A - Job Search and Detail View 1-54
2026-05-05 03:27:59,772 INFO o.a.j.t.JMeterThread: Thread started: Scenario B - Analytics Ingest and Job Write 2-54
2026-05-05 03:27:59,848 INFO o.a.j.t.JMeterThread: Thread started: Scenario A - Job Search and Detail View 1-55
2026-05-05 03:27:59,869 INFO o.a.j.t.JMeterThread: Thread started: Scenario B - Analytics Ingest and Job Write 2-55
2026-05-05 03:27:59,950 INFO o.a.j.t.JMeterThread: Thread started: Scenario A - Job Search and Detail View 1-56
2026-05-05 03:27:59,972 INFO o.a.j.t.JMeterThread: Thread started: Scenario B - Analytics Ingest and Job Write 2-56
2026-05-05 03:28:00,013 INFO o.a.j.r.Summariser: summary +    203 in 00:00:06 =   36.4/s Avg:   789 Min:   105 Max:  3209 Err:     0 (0.00%) Active: 112 Started: 112 Finished: 0
2026-05-05 03:28:00,050 INFO o.a.j.t.JMeterThread: Thread started: Scenario A - Job Search and Detail View 1-57
2026-05-05 03:28:00,072 INFO o.a.j.t.JMeterThread: Thread started: Scenario B - Analytics Ingest and Job Write 2-57
2026-05-05 03:28:00,150 INFO o.a.j.t.JMeterThread: Thread started: Scenario A - Job Search and Detail View 1-58
2026-05-05 03:28:00,173 INFO o.a.j.t.JMeterThread: Thread started: Scenario B - Analytics Ingest and Job Write 2-58
2026-05-05 03:28:00,250 INFO o.a.j.t.JMeterThread: Thread started: Scenario A - Job Search and Detail View 1-59
2026-05-05 03:28:00,272 INFO o.a.j.t.JMeterThread: Thread started: Scenario B - Analytics Ingest and Job Write 2-59
2026-05-05 03:28:00,350 INFO o.a.j.t.JMeterThread: Thread started: Scenario A - Job Search and Detail View 1-60
2026-05-05 03:28:00,371 INFO o.a.j.t.JMeterThread: Thread started: Scenario B - Analytics Ingest and Job Write 2-60
2026-05-05 03:28:00,450 INFO o.a.j.t.JMeterThread: Thread started: Scenario A - Job Search and Detail View 1-61
2026-05-05 03:28:00,472 INFO o.a.j.t.JMeterThread: Thread started: Scenario B - Analytics Ingest and Job Write 2-61
2026-05-05 03:28:00,546 INFO o.a.j.t.JMeterThread: Thread started: Scenario A - Job Search and Detail View 1-62
2026-05-05 03:28:00,574 INFO o.a.j.t.JMeterThread: Thread started: Scenario B - Analytics Ingest and Job Write 2-62
2026-05-05 03:28:00,648 INFO o.a.j.t.JMeterThread: Thread started: Scenario A - Job Search and Detail View 1-63
2026-05-05 03:28:00,669 INFO o.a.j.t.JMeterThread: Thread started: Scenario B - Analytics Ingest and Job Write 2-63
2026-05-05 03:28:00,750 INFO o.a.j.t.JMeterThread: Thread started: Scenario A - Job Search and Detail View 1-64
2026-05-05 03:28:00,772 INFO o.a.j.t.JMeterThread: Thread started: Scenario B - Analytics Ingest and Job Write 2-64
2026-05-05 03:28:00,866 INFO o.a.j.t.JMeterThread: Thread started: Scenario A - Job Search and Detail View 1-65
2026-05-05 03:28:00,873 INFO o.a.j.t.JMeterThread: Thread started: Scenario B - Analytics Ingest and Job Write 2-65
2026-05-05 03:28:00,951 INFO o.a.j.t.JMeterThread: Thread started: Scenario A - Job Search and Detail View 1-66
2026-05-05 03:28:00,972 INFO o.a.j.t.JMeterThread: Thread started: Scenario B - Analytics Ingest and Job Write 2-66
2026-05-05 03:28:01,049 INFO o.a.j.t.JMeterThread: Thread started: Scenario A - Job Search and Detail View 1-67
2026-05-05 03:28:01,070 INFO o.a.j.t.JMeterThread: Thread started: Scenario B - Analytics Ingest and Job Write 2-67
2026-05-05 03:28:01,155 INFO o.a.j.t.JMeterThread: Thread started: Scenario A - Job Search and Detail View 1-68
2026-05-05 03:28:01,174 INFO o.a.j.t.JMeterThread: Thread started: Scenario B - Analytics Ingest and Job Write 2-68
2026-05-05 03:28:01,250 INFO o.a.j.t.JMeterThread: Thread started: Scenario A - Job Search and Detail View 1-69
2026-05-05 03:28:01,272 INFO o.a.j.t.JMeterThread: Thread started: Scenario B - Analytics Ingest and Job Write 2-69
2026-05-05 03:28:01,357 INFO o.a.j.t.JMeterThread: Thread started: Scenario A - Job Search and Detail View 1-70
2026-05-05 03:28:01,370 INFO o.a.j.t.JMeterThread: Thread started: Scenario B - Analytics Ingest and Job Write 2-70
2026-05-05 03:28:01,447 INFO o.a.j.t.JMeterThread: Thread started: Scenario A - Job Search and Detail View 1-71
2026-05-05 03:28:01,469 INFO o.a.j.t.JMeterThread: Thread started: Scenario B - Analytics Ingest and Job Write 2-71
2026-05-05 03:28:01,550 INFO o.a.j.t.JMeterThread: Thread started: Scenario A - Job Search and Detail View 1-72
2026-05-05 03:28:01,572 INFO o.a.j.t.JMeterThread: Thread started: Scenario B - Analytics Ingest and Job Write 2-72
2026-05-05 03:28:01,650 INFO o.a.j.t.JMeterThread: Thread started: Scenario A - Job Search and Detail View 1-73
2026-05-05 03:28:01,671 INFO o.a.j.t.JMeterThread: Thread started: Scenario B - Analytics Ingest and Job Write 2-73
2026-05-05 03:28:01,750 INFO o.a.j.t.JMeterThread: Thread started: Scenario A - Job Search and Detail View 1-74
2026-05-05 03:28:01,773 INFO o.a.j.t.JMeterThread: Thread started: Scenario B - Analytics Ingest and Job Write 2-74
2026-05-05 03:28:01,845 INFO o.a.j.t.JMeterThread: Thread started: Scenario A - Job Search and Detail View 1-75
2026-05-05 03:28:01,871 INFO o.a.j.t.JMeterThread: Thread started: Scenario B - Analytics Ingest and Job Write 2-75
2026-05-05 03:28:01,947 INFO o.a.j.t.JMeterThread: Thread started: Scenario A - Job Search and Detail View 1-76
2026-05-05 03:28:01,970 INFO o.a.j.t.JMeterThread: Thread started: Scenario B - Analytics Ingest and Job Write 2-76
2026-05-05 03:28:02,051 INFO o.a.j.t.JMeterThread: Thread started: Scenario A - Job Search and Detail View 1-77
2026-05-05 03:28:02,074 INFO o.a.j.t.JMeterThread: Thread started: Scenario B - Analytics Ingest and Job Write 2-77
2026-05-05 03:28:02,150 INFO o.a.j.t.JMeterThread: Thread started: Scenario A - Job Search and Detail View 1-78
2026-05-05 03:28:02,173 INFO o.a.j.t.JMeterThread: Thread started: Scenario B - Analytics Ingest and Job Write 2-78
2026-05-05 03:28:02,250 INFO o.a.j.t.JMeterThread: Thread started: Scenario A - Job Search and Detail View 1-79
2026-05-05 03:28:02,273 INFO o.a.j.t.JMeterThread: Thread started: Scenario B - Analytics Ingest and Job Write 2-79
2026-05-05 03:28:02,346 INFO o.a.j.t.JMeterThread: Thread started: Scenario A - Job Search and Detail View 1-80
2026-05-05 03:28:02,371 INFO o.a.j.t.JMeterThread: Thread started: Scenario B - Analytics Ingest and Job Write 2-80
2026-05-05 03:28:02,446 INFO o.a.j.t.JMeterThread: Thread started: Scenario A - Job Search and Detail View 1-81
2026-05-05 03:28:02,471 INFO o.a.j.t.JMeterThread: Thread started: Scenario B - Analytics Ingest and Job Write 2-81
2026-05-05 03:28:02,547 INFO o.a.j.t.JMeterThread: Thread started: Scenario A - Job Search and Detail View 1-82
2026-05-05 03:28:02,573 INFO o.a.j.t.JMeterThread: Thread started: Scenario B - Analytics Ingest and Job Write 2-82
2026-05-05 03:28:02,650 INFO o.a.j.t.JMeterThread: Thread started: Scenario A - Job Search and Detail View 1-83
2026-05-05 03:28:02,673 INFO o.a.j.t.JMeterThread: Thread started: Scenario B - Analytics Ingest and Job Write 2-83
2026-05-05 03:28:02,751 INFO o.a.j.t.JMeterThread: Thread started: Scenario A - Job Search and Detail View 1-84
2026-05-05 03:28:02,772 INFO o.a.j.t.JMeterThread: Thread started: Scenario B - Analytics Ingest and Job Write 2-84
2026-05-05 03:28:02,851 INFO o.a.j.t.JMeterThread: Thread started: Scenario A - Job Search and Detail View 1-85
2026-05-05 03:28:02,872 INFO o.a.j.t.JMeterThread: Thread started: Scenario B - Analytics Ingest and Job Write 2-85
2026-05-05 03:28:02,949 INFO o.a.j.t.JMeterThread: Thread started: Scenario A - Job Search and Detail View 1-86
2026-05-05 03:28:02,971 INFO o.a.j.t.JMeterThread: Thread started: Scenario B - Analytics Ingest and Job Write 2-86
2026-05-05 03:28:03,050 INFO o.a.j.t.JMeterThread: Thread started: Scenario A - Job Search and Detail View 1-87
2026-05-05 03:28:03,071 INFO o.a.j.t.JMeterThread: Thread started: Scenario B - Analytics Ingest and Job Write 2-87
2026-05-05 03:28:03,150 INFO o.a.j.t.JMeterThread: Thread started: Scenario A - Job Search and Detail View 1-88
2026-05-05 03:28:03,172 INFO o.a.j.t.JMeterThread: Thread started: Scenario B - Analytics Ingest and Job Write 2-88
2026-05-05 03:28:03,250 INFO o.a.j.t.JMeterThread: Thread started: Scenario A - Job Search and Detail View 1-89
2026-05-05 03:28:03,271 INFO o.a.j.t.JMeterThread: Thread started: Scenario B - Analytics Ingest and Job Write 2-89
2026-05-05 03:28:03,350 INFO o.a.j.t.JMeterThread: Thread started: Scenario A - Job Search and Detail View 1-90
2026-05-05 03:28:03,372 INFO o.a.j.t.JMeterThread: Thread started: Scenario B - Analytics Ingest and Job Write 2-90
2026-05-05 03:28:03,451 INFO o.a.j.t.JMeterThread: Thread started: Scenario A - Job Search and Detail View 1-91
2026-05-05 03:28:03,469 INFO o.a.j.t.JMeterThread: Thread started: Scenario B - Analytics Ingest and Job Write 2-91
2026-05-05 03:28:03,551 INFO o.a.j.t.JMeterThread: Thread started: Scenario A - Job Search and Detail View 1-92
2026-05-05 03:28:03,573 INFO o.a.j.t.JMeterThread: Thread started: Scenario B - Analytics Ingest and Job Write 2-92
2026-05-05 03:28:03,650 INFO o.a.j.t.JMeterThread: Thread started: Scenario A - Job Search and Detail View 1-93
2026-05-05 03:28:03,673 INFO o.a.j.t.JMeterThread: Thread started: Scenario B - Analytics Ingest and Job Write 2-93
2026-05-05 03:28:03,762 INFO o.a.j.t.JMeterThread: Thread started: Scenario A - Job Search and Detail View 1-94
2026-05-05 03:28:03,770 INFO o.a.j.t.JMeterThread: Thread started: Scenario B - Analytics Ingest and Job Write 2-94
2026-05-05 03:28:03,846 INFO o.a.j.t.JMeterThread: Thread started: Scenario A - Job Search and Detail View 1-95
2026-05-05 03:28:03,872 INFO o.a.j.t.JMeterThread: Thread started: Scenario B - Analytics Ingest and Job Write 2-95
2026-05-05 03:28:03,950 INFO o.a.j.t.JMeterThread: Thread started: Scenario A - Job Search and Detail View 1-96
2026-05-05 03:28:03,977 INFO o.a.j.t.JMeterThread: Thread started: Scenario B - Analytics Ingest and Job Write 2-96
2026-05-05 03:28:04,051 INFO o.a.j.t.JMeterThread: Thread started: Scenario A - Job Search and Detail View 1-97
2026-05-05 03:28:04,070 INFO o.a.j.t.JMeterThread: Thread started: Scenario B - Analytics Ingest and Job Write 2-97
2026-05-05 03:28:04,150 INFO o.a.j.t.JMeterThread: Thread started: Scenario A - Job Search and Detail View 1-98
2026-05-05 03:28:04,170 INFO o.a.j.t.JMeterThread: Thread started: Scenario B - Analytics Ingest and Job Write 2-98
2026-05-05 03:28:04,247 INFO o.a.j.t.JMeterThread: Thread started: Scenario A - Job Search and Detail View 1-99
2026-05-05 03:28:04,270 INFO o.a.j.t.JMeterThread: Thread started: Scenario B - Analytics Ingest and Job Write 2-99
2026-05-05 03:28:04,345 INFO o.a.j.t.JMeterThread: Thread started: Scenario A - Job Search and Detail View 1-100
2026-05-05 03:28:04,373 INFO o.a.j.t.JMeterThread: Thread started: Scenario B - Analytics Ingest and Job Write 2-100
2026-05-05 03:28:30,005 INFO o.a.j.r.Summariser: summary +   1420 in 00:00:30 =   47.3/s Avg:  3593 Min:     0 Max:  9546 Err:    25 (1.76%) Active: 200 Started: 200 Finished: 0
2026-05-05 03:28:30,006 INFO o.a.j.r.Summariser: summary =   1623 in 00:00:36 =   45.6/s Avg:  3243 Min:     0 Max:  9546 Err:    25 (1.54%)
2026-05-05 03:28:54,354 INFO o.a.j.t.JMeterThread: Thread finished: Scenario A - Job Search and Detail View 1-23
2026-05-05 03:28:54,441 INFO o.a.j.t.JMeterThread: Thread finished: Scenario A - Job Search and Detail View 1-3
2026-05-05 03:28:54,473 INFO o.a.j.t.JMeterThread: Stopping because end time detected by thread: Scenario A - Job Search and Detail View 1-56
2026-05-05 03:28:54,474 INFO o.a.j.t.JMeterThread: Thread finished: Scenario A - Job Search and Detail View 1-56
2026-05-05 03:28:54,488 INFO o.a.j.t.JMeterThread: Stopping because end time detected by thread: Scenario A - Job Search and Detail View 1-31
2026-05-05 03:28:54,488 INFO o.a.j.t.JMeterThread: Thread finished: Scenario A - Job Search and Detail View 1-31
2026-05-05 03:28:54,491 INFO o.a.j.t.JMeterThread: Stopping because end time detected by thread: Scenario B - Analytics Ingest and Job Write 2-48
2026-05-05 03:28:54,491 INFO o.a.j.t.JMeterThread: Thread finished: Scenario B - Analytics Ingest and Job Write 2-48
2026-05-05 03:28:54,514 INFO o.a.j.t.JMeterThread: Stopping because end time detected by thread: Scenario B - Analytics Ingest and Job Write 2-86
2026-05-05 03:28:54,514 INFO o.a.j.t.JMeterThread: Thread finished: Scenario B - Analytics Ingest and Job Write 2-86
2026-05-05 03:28:54,519 INFO o.a.j.t.JMeterThread: Stopping because end time detected by thread: Scenario A - Job Search and Detail View 1-32
2026-05-05 03:28:54,519 INFO o.a.j.t.JMeterThread: Thread finished: Scenario A - Job Search and Detail View 1-32
2026-05-05 03:28:54,531 INFO o.a.j.t.JMeterThread: Stopping because end time detected by thread: Scenario B - Analytics Ingest and Job Write 2-100
2026-05-05 03:28:54,531 INFO o.a.j.t.JMeterThread: Thread finished: Scenario B - Analytics Ingest and Job Write 2-100
2026-05-05 03:28:54,544 INFO o.a.j.t.JMeterThread: Stopping because end time detected by thread: Scenario A - Job Search and Detail View 1-97
2026-05-05 03:28:54,544 INFO o.a.j.t.JMeterThread: Thread finished: Scenario A - Job Search and Detail View 1-97
2026-05-05 03:28:54,559 INFO o.a.j.t.JMeterThread: Stopping because end time detected by thread: Scenario A - Job Search and Detail View 1-79
2026-05-05 03:28:54,559 INFO o.a.j.t.JMeterThread: Thread finished: Scenario A - Job Search and Detail View 1-79
2026-05-05 03:28:54,605 INFO o.a.j.t.JMeterThread: Stopping because end time detected by thread: Scenario B - Analytics Ingest and Job Write 2-76
2026-05-05 03:28:54,606 INFO o.a.j.t.JMeterThread: Thread finished: Scenario B - Analytics Ingest and Job Write 2-76
2026-05-05 03:28:54,617 INFO o.a.j.t.JMeterThread: Stopping because end time detected by thread: Scenario B - Analytics Ingest and Job Write 2-52
2026-05-05 03:28:54,617 INFO o.a.j.t.JMeterThread: Thread finished: Scenario B - Analytics Ingest and Job Write 2-52
2026-05-05 03:28:54,621 INFO o.a.j.t.JMeterThread: Stopping because end time detected by thread: Scenario B - Analytics Ingest and Job Write 2-31
2026-05-05 03:28:54,621 INFO o.a.j.t.JMeterThread: Thread finished: Scenario B - Analytics Ingest and Job Write 2-31
2026-05-05 03:28:54,634 INFO o.a.j.t.JMeterThread: Stopping because end time detected by thread: Scenario B - Analytics Ingest and Job Write 2-40
2026-05-05 03:28:54,634 INFO o.a.j.t.JMeterThread: Thread finished: Scenario B - Analytics Ingest and Job Write 2-40
2026-05-05 03:28:54,664 INFO o.a.j.t.JMeterThread: Stopping because end time detected by thread: Scenario B - Analytics Ingest and Job Write 2-22
2026-05-05 03:28:54,665 INFO o.a.j.t.JMeterThread: Thread finished: Scenario B - Analytics Ingest and Job Write 2-22
2026-05-05 03:28:54,669 INFO o.a.j.t.JMeterThread: Stopping because end time detected by thread: Scenario A - Job Search and Detail View 1-52
2026-05-05 03:28:54,669 INFO o.a.j.t.JMeterThread: Thread finished: Scenario A - Job Search and Detail View 1-52
2026-05-05 03:28:54,686 INFO o.a.j.t.JMeterThread: Stopping because end time detected by thread: Scenario B - Analytics Ingest and Job Write 2-13
2026-05-05 03:28:54,687 INFO o.a.j.t.JMeterThread: Thread finished: Scenario B - Analytics Ingest and Job Write 2-13
2026-05-05 03:28:54,693 INFO o.a.j.t.JMeterThread: Stopping because end time detected by thread: Scenario A - Job Search and Detail View 1-93
2026-05-05 03:28:54,694 INFO o.a.j.t.JMeterThread: Thread finished: Scenario A - Job Search and Detail View 1-93
2026-05-05 03:28:54,697 INFO o.a.j.t.JMeterThread: Stopping because end time detected by thread: Scenario B - Analytics Ingest and Job Write 2-5
2026-05-05 03:28:54,697 INFO o.a.j.t.JMeterThread: Thread finished: Scenario B - Analytics Ingest and Job Write 2-5
2026-05-05 03:28:54,702 INFO o.a.j.t.JMeterThread: Stopping because end time detected by thread: Scenario B - Analytics Ingest and Job Write 2-77
2026-05-05 03:28:54,702 INFO o.a.j.t.JMeterThread: Thread finished: Scenario B - Analytics Ingest and Job Write 2-77
2026-05-05 03:28:54,707 INFO o.a.j.t.JMeterThread: Stopping because end time detected by thread: Scenario B - Analytics Ingest and Job Write 2-42
2026-05-05 03:28:54,707 INFO o.a.j.t.JMeterThread: Thread finished: Scenario B - Analytics Ingest and Job Write 2-42
2026-05-05 03:28:54,741 INFO o.a.j.t.JMeterThread: Stopping because end time detected by thread: Scenario B - Analytics Ingest and Job Write 2-61
2026-05-05 03:28:54,742 INFO o.a.j.t.JMeterThread: Thread finished: Scenario B - Analytics Ingest and Job Write 2-61
2026-05-05 03:28:54,758 INFO o.a.j.t.JMeterThread: Stopping because end time detected by thread: Scenario A - Job Search and Detail View 1-66
2026-05-05 03:28:54,759 INFO o.a.j.t.JMeterThread: Thread finished: Scenario A - Job Search and Detail View 1-66
2026-05-05 03:28:54,760 INFO o.a.j.t.JMeterThread: Stopping because end time detected by thread: Scenario B - Analytics Ingest and Job Write 2-79
2026-05-05 03:28:54,760 INFO o.a.j.t.JMeterThread: Thread finished: Scenario B - Analytics Ingest and Job Write 2-79
2026-05-05 03:28:54,763 INFO o.a.j.t.JMeterThread: Stopping because end time detected by thread: Scenario B - Analytics Ingest and Job Write 2-28
2026-05-05 03:28:54,763 INFO o.a.j.t.JMeterThread: Thread finished: Scenario B - Analytics Ingest and Job Write 2-28
2026-05-05 03:28:54,790 INFO o.a.j.t.JMeterThread: Stopping because end time detected by thread: Scenario A - Job Search and Detail View 1-41
2026-05-05 03:28:54,790 INFO o.a.j.t.JMeterThread: Thread finished: Scenario A - Job Search and Detail View 1-41
2026-05-05 03:28:54,806 INFO o.a.j.t.JMeterThread: Stopping because end time detected by thread: Scenario A - Job Search and Detail View 1-43
2026-05-05 03:28:54,807 INFO o.a.j.t.JMeterThread: Thread finished: Scenario A - Job Search and Detail View 1-43
2026-05-05 03:28:54,815 INFO o.a.j.t.JMeterThread: Stopping because end time detected by thread: Scenario B - Analytics Ingest and Job Write 2-41
2026-05-05 03:28:54,815 INFO o.a.j.t.JMeterThread: Thread finished: Scenario B - Analytics Ingest and Job Write 2-41
2026-05-05 03:28:54,844 INFO o.a.j.t.JMeterThread: Stopping because end time detected by thread: Scenario B - Analytics Ingest and Job Write 2-17
2026-05-05 03:28:54,844 INFO o.a.j.t.JMeterThread: Thread finished: Scenario B - Analytics Ingest and Job Write 2-17
2026-05-05 03:28:54,872 INFO o.a.j.t.JMeterThread: Stopping because end time detected by thread: Scenario A - Job Search and Detail View 1-85
2026-05-05 03:28:54,873 INFO o.a.j.t.JMeterThread: Thread finished: Scenario A - Job Search and Detail View 1-85
2026-05-05 03:28:54,880 INFO o.a.j.t.JMeterThread: Stopping because end time detected by thread: Scenario B - Analytics Ingest and Job Write 2-71
2026-05-05 03:28:54,880 INFO o.a.j.t.JMeterThread: Thread finished: Scenario B - Analytics Ingest and Job Write 2-71
2026-05-05 03:28:54,950 INFO o.a.j.t.JMeterThread: Stopping because end time detected by thread: Scenario B - Analytics Ingest and Job Write 2-50
2026-05-05 03:28:54,950 INFO o.a.j.t.JMeterThread: Thread finished: Scenario B - Analytics Ingest and Job Write 2-50
2026-05-05 03:28:55,169 INFO o.a.j.t.JMeterThread: Stopping because end time detected by thread: Scenario A - Job Search and Detail View 1-62
2026-05-05 03:28:55,169 INFO o.a.j.t.JMeterThread: Thread finished: Scenario A - Job Search and Detail View 1-62
2026-05-05 03:28:55,280 INFO o.a.j.t.JMeterThread: Stopping because end time detected by thread: Scenario A - Job Search and Detail View 1-37
2026-05-05 03:28:55,281 INFO o.a.j.t.JMeterThread: Thread finished: Scenario A - Job Search and Detail View 1-37
2026-05-05 03:28:55,319 INFO o.a.j.t.JMeterThread: Stopping because end time detected by thread: Scenario A - Job Search and Detail View 1-59
2026-05-05 03:28:55,319 INFO o.a.j.t.JMeterThread: Thread finished: Scenario A - Job Search and Detail View 1-59
2026-05-05 03:28:55,332 INFO o.a.j.t.JMeterThread: Stopping because end time detected by thread: Scenario A - Job Search and Detail View 1-99
2026-05-05 03:28:55,332 INFO o.a.j.t.JMeterThread: Thread finished: Scenario A - Job Search and Detail View 1-99
2026-05-05 03:28:55,345 INFO o.a.j.t.JMeterThread: Stopping because end time detected by thread: Scenario A - Job Search and Detail View 1-51
2026-05-05 03:28:55,345 INFO o.a.j.t.JMeterThread: Thread finished: Scenario A - Job Search and Detail View 1-51
2026-05-05 03:28:55,447 INFO o.a.j.t.JMeterThread: Stopping because end time detected by thread: Scenario A - Job Search and Detail View 1-4
2026-05-05 03:28:55,448 INFO o.a.j.t.JMeterThread: Thread finished: Scenario A - Job Search and Detail View 1-4
2026-05-05 03:28:55,490 INFO o.a.j.t.JMeterThread: Stopping because end time detected by thread: Scenario A - Job Search and Detail View 1-69
2026-05-05 03:28:55,490 INFO o.a.j.t.JMeterThread: Thread finished: Scenario A - Job Search and Detail View 1-69
2026-05-05 03:28:55,495 INFO o.a.j.t.JMeterThread: Stopping because end time detected by thread: Scenario B - Analytics Ingest and Job Write 2-19
2026-05-05 03:28:55,496 INFO o.a.j.t.JMeterThread: Thread finished: Scenario B - Analytics Ingest and Job Write 2-19
2026-05-05 03:28:55,634 INFO o.a.j.t.JMeterThread: Stopping because end time detected by thread: Scenario B - Analytics Ingest and Job Write 2-54
2026-05-05 03:28:55,634 INFO o.a.j.t.JMeterThread: Thread finished: Scenario B - Analytics Ingest and Job Write 2-54
2026-05-05 03:28:55,646 INFO o.a.j.t.JMeterThread: Stopping because end time detected by thread: Scenario A - Job Search and Detail View 1-16
2026-05-05 03:28:55,646 INFO o.a.j.t.JMeterThread: Thread finished: Scenario A - Job Search and Detail View 1-16
2026-05-05 03:28:55,666 INFO o.a.j.t.JMeterThread: Stopping because end time detected by thread: Scenario A - Job Search and Detail View 1-44
2026-05-05 03:28:55,666 INFO o.a.j.t.JMeterThread: Stopping because end time detected by thread: Scenario A - Job Search and Detail View 1-15
2026-05-05 03:28:55,667 INFO o.a.j.t.JMeterThread: Thread finished: Scenario A - Job Search and Detail View 1-15
2026-05-05 03:28:55,667 INFO o.a.j.t.JMeterThread: Thread finished: Scenario A - Job Search and Detail View 1-44
2026-05-05 03:28:55,681 INFO o.a.j.t.JMeterThread: Stopping because end time detected by thread: Scenario B - Analytics Ingest and Job Write 2-45
2026-05-05 03:28:55,681 INFO o.a.j.t.JMeterThread: Thread finished: Scenario B - Analytics Ingest and Job Write 2-45
2026-05-05 03:28:55,711 INFO o.a.j.t.JMeterThread: Stopping because end time detected by thread: Scenario B - Analytics Ingest and Job Write 2-60
2026-05-05 03:28:55,711 INFO o.a.j.t.JMeterThread: Thread finished: Scenario B - Analytics Ingest and Job Write 2-60
2026-05-05 03:28:55,733 INFO o.a.j.t.JMeterThread: Stopping because end time detected by thread: Scenario B - Analytics Ingest and Job Write 2-51
2026-05-05 03:28:55,733 INFO o.a.j.t.JMeterThread: Thread finished: Scenario B - Analytics Ingest and Job Write 2-51
2026-05-05 03:28:55,759 INFO o.a.j.t.JMeterThread: Stopping because end time detected by thread: Scenario B - Analytics Ingest and Job Write 2-29
2026-05-05 03:28:55,759 INFO o.a.j.t.JMeterThread: Thread finished: Scenario B - Analytics Ingest and Job Write 2-29
2026-05-05 03:28:55,766 INFO o.a.j.t.JMeterThread: Stopping because end time detected by thread: Scenario B - Analytics Ingest and Job Write 2-69
2026-05-05 03:28:55,766 INFO o.a.j.t.JMeterThread: Stopping because end time detected by thread: Scenario B - Analytics Ingest and Job Write 2-38
2026-05-05 03:28:55,766 INFO o.a.j.t.JMeterThread: Thread finished: Scenario B - Analytics Ingest and Job Write 2-69
2026-05-05 03:28:55,766 INFO o.a.j.t.JMeterThread: Thread finished: Scenario B - Analytics Ingest and Job Write 2-38
2026-05-05 03:28:55,768 INFO o.a.j.t.JMeterThread: Stopping because end time detected by thread: Scenario B - Analytics Ingest and Job Write 2-99
2026-05-05 03:28:55,768 INFO o.a.j.t.JMeterThread: Thread finished: Scenario B - Analytics Ingest and Job Write 2-99
2026-05-05 03:28:55,773 INFO o.a.j.t.JMeterThread: Stopping because end time detected by thread: Scenario B - Analytics Ingest and Job Write 2-59
2026-05-05 03:28:55,773 INFO o.a.j.t.JMeterThread: Thread finished: Scenario B - Analytics Ingest and Job Write 2-59
2026-05-05 03:28:55,792 INFO o.a.j.t.JMeterThread: Stopping because end time detected by thread: Scenario B - Analytics Ingest and Job Write 2-83
2026-05-05 03:28:55,792 INFO o.a.j.t.JMeterThread: Thread finished: Scenario B - Analytics Ingest and Job Write 2-83
2026-05-05 03:28:55,795 INFO o.a.j.t.JMeterThread: Stopping because end time detected by thread: Scenario B - Analytics Ingest and Job Write 2-93
2026-05-05 03:28:55,795 INFO o.a.j.t.JMeterThread: Thread finished: Scenario B - Analytics Ingest and Job Write 2-93
2026-05-05 03:28:55,798 INFO o.a.j.t.JMeterThread: Stopping because end time detected by thread: Scenario B - Analytics Ingest and Job Write 2-57
2026-05-05 03:28:55,798 INFO o.a.j.t.JMeterThread: Thread finished: Scenario B - Analytics Ingest and Job Write 2-57
2026-05-05 03:28:55,805 INFO o.a.j.t.JMeterThread: Stopping because end time detected by thread: Scenario B - Analytics Ingest and Job Write 2-85
2026-05-05 03:28:55,805 INFO o.a.j.t.JMeterThread: Thread finished: Scenario B - Analytics Ingest and Job Write 2-85
2026-05-05 03:28:55,821 INFO o.a.j.t.JMeterThread: Stopping because end time detected by thread: Scenario A - Job Search and Detail View 1-45
2026-05-05 03:28:55,821 INFO o.a.j.t.JMeterThread: Thread finished: Scenario A - Job Search and Detail View 1-45
2026-05-05 03:28:55,843 INFO o.a.j.t.JMeterThread: Stopping because end time detected by thread: Scenario A - Job Search and Detail View 1-98
2026-05-05 03:28:55,843 INFO o.a.j.t.JMeterThread: Thread finished: Scenario A - Job Search and Detail View 1-98
2026-05-05 03:28:55,877 INFO o.a.j.t.JMeterThread: Stopping because end time detected by thread: Scenario A - Job Search and Detail View 1-87
2026-05-05 03:28:55,878 INFO o.a.j.t.JMeterThread: Thread finished: Scenario A - Job Search and Detail View 1-87
2026-05-05 03:28:55,943 INFO o.a.j.t.JMeterThread: Stopping because end time detected by thread: Scenario A - Job Search and Detail View 1-88
2026-05-05 03:28:55,943 INFO o.a.j.t.JMeterThread: Thread finished: Scenario A - Job Search and Detail View 1-88
2026-05-05 03:28:55,947 INFO o.a.j.t.JMeterThread: Stopping because end time detected by thread: Scenario A - Job Search and Detail View 1-22
2026-05-05 03:28:55,947 INFO o.a.j.t.JMeterThread: Thread finished: Scenario A - Job Search and Detail View 1-22
2026-05-05 03:28:56,028 INFO o.a.j.t.JMeterThread: Stopping because end time detected by thread: Scenario A - Job Search and Detail View 1-36
2026-05-05 03:28:56,029 INFO o.a.j.t.JMeterThread: Thread finished: Scenario A - Job Search and Detail View 1-36
2026-05-05 03:28:56,066 INFO o.a.j.t.JMeterThread: Stopping because end time detected by thread: Scenario B - Analytics Ingest and Job Write 2-7
2026-05-05 03:28:56,067 INFO o.a.j.t.JMeterThread: Thread finished: Scenario B - Analytics Ingest and Job Write 2-7
2026-05-05 03:28:56,067 INFO o.a.j.t.JMeterThread: Stopping because end time detected by thread: Scenario B - Analytics Ingest and Job Write 2-27
2026-05-05 03:28:56,069 INFO o.a.j.t.JMeterThread: Thread finished: Scenario B - Analytics Ingest and Job Write 2-27
2026-05-05 03:28:56,116 INFO o.a.j.t.JMeterThread: Stopping because end time detected by thread: Scenario B - Analytics Ingest and Job Write 2-49
2026-05-05 03:28:56,117 INFO o.a.j.t.JMeterThread: Thread finished: Scenario B - Analytics Ingest and Job Write 2-49
2026-05-05 03:28:56,128 INFO o.a.j.t.JMeterThread: Stopping because end time detected by thread: Scenario B - Analytics Ingest and Job Write 2-97
2026-05-05 03:28:56,128 INFO o.a.j.t.JMeterThread: Thread finished: Scenario B - Analytics Ingest and Job Write 2-97
2026-05-05 03:28:56,171 INFO o.a.j.t.JMeterThread: Stopping because end time detected by thread: Scenario B - Analytics Ingest and Job Write 2-81
2026-05-05 03:28:56,171 INFO o.a.j.t.JMeterThread: Stopping because end time detected by thread: Scenario B - Analytics Ingest and Job Write 2-73
2026-05-05 03:28:56,172 INFO o.a.j.t.JMeterThread: Thread finished: Scenario B - Analytics Ingest and Job Write 2-81
2026-05-05 03:28:56,172 INFO o.a.j.t.JMeterThread: Thread finished: Scenario B - Analytics Ingest and Job Write 2-73
2026-05-05 03:28:56,177 INFO o.a.j.t.JMeterThread: Stopping because end time detected by thread: Scenario B - Analytics Ingest and Job Write 2-90
2026-05-05 03:28:56,177 INFO o.a.j.t.JMeterThread: Thread finished: Scenario B - Analytics Ingest and Job Write 2-90
2026-05-05 03:28:56,186 INFO o.a.j.t.JMeterThread: Stopping because end time detected by thread: Scenario B - Analytics Ingest and Job Write 2-89
2026-05-05 03:28:56,186 INFO o.a.j.t.JMeterThread: Thread finished: Scenario B - Analytics Ingest and Job Write 2-89
2026-05-05 03:28:56,187 INFO o.a.j.t.JMeterThread: Stopping because end time detected by thread: Scenario B - Analytics Ingest and Job Write 2-94
2026-05-05 03:28:56,187 INFO o.a.j.t.JMeterThread: Thread finished: Scenario B - Analytics Ingest and Job Write 2-94
2026-05-05 03:28:56,255 INFO o.a.j.t.JMeterThread: Stopping because end time detected by thread: Scenario A - Job Search and Detail View 1-47
2026-05-05 03:28:56,255 INFO o.a.j.t.JMeterThread: Thread finished: Scenario A - Job Search and Detail View 1-47
2026-05-05 03:28:56,263 INFO o.a.j.t.JMeterThread: Stopping because end time detected by thread: Scenario B - Analytics Ingest and Job Write 2-3
2026-05-05 03:28:56,264 INFO o.a.j.t.JMeterThread: Thread finished: Scenario B - Analytics Ingest and Job Write 2-3
2026-05-05 03:28:56,300 INFO o.a.j.t.JMeterThread: Stopping because end time detected by thread: Scenario A - Job Search and Detail View 1-75
2026-05-05 03:28:56,301 INFO o.a.j.t.JMeterThread: Thread finished: Scenario A - Job Search and Detail View 1-75
2026-05-05 03:28:56,303 INFO o.a.j.t.JMeterThread: Stopping because end time detected by thread: Scenario A - Job Search and Detail View 1-73
2026-05-05 03:28:56,304 INFO o.a.j.t.JMeterThread: Thread finished: Scenario A - Job Search and Detail View 1-73
2026-05-05 03:28:56,424 INFO o.a.j.t.JMeterThread: Stopping because end time detected by thread: Scenario A - Job Search and Detail View 1-42
2026-05-05 03:28:56,424 INFO o.a.j.t.JMeterThread: Thread finished: Scenario A - Job Search and Detail View 1-42
2026-05-05 03:28:56,451 INFO o.a.j.t.JMeterThread: Stopping because end time detected by thread: Scenario A - Job Search and Detail View 1-25
2026-05-05 03:28:56,452 INFO o.a.j.t.JMeterThread: Thread finished: Scenario A - Job Search and Detail View 1-25
2026-05-05 03:28:56,531 INFO o.a.j.t.JMeterThread: Stopping because end time detected by thread: Scenario B - Analytics Ingest and Job Write 2-84
2026-05-05 03:28:56,531 INFO o.a.j.t.JMeterThread: Thread finished: Scenario B - Analytics Ingest and Job Write 2-84
2026-05-05 03:28:56,547 INFO o.a.j.t.JMeterThread: Stopping because end time detected by thread: Scenario B - Analytics Ingest and Job Write 2-74
2026-05-05 03:28:56,547 INFO o.a.j.t.JMeterThread: Stopping because end time detected by thread: Scenario B - Analytics Ingest and Job Write 2-82
2026-05-05 03:28:56,547 INFO o.a.j.t.JMeterThread: Thread finished: Scenario B - Analytics Ingest and Job Write 2-82
2026-05-05 03:28:56,547 INFO o.a.j.t.JMeterThread: Thread finished: Scenario B - Analytics Ingest and Job Write 2-74
2026-05-05 03:28:56,569 INFO o.a.j.t.JMeterThread: Stopping because end time detected by thread: Scenario A - Job Search and Detail View 1-86
2026-05-05 03:28:56,569 INFO o.a.j.t.JMeterThread: Thread finished: Scenario A - Job Search and Detail View 1-86
2026-05-05 03:28:56,581 INFO o.a.j.t.JMeterThread: Stopping because end time detected by thread: Scenario A - Job Search and Detail View 1-20
2026-05-05 03:28:56,581 INFO o.a.j.t.JMeterThread: Thread finished: Scenario A - Job Search and Detail View 1-20
2026-05-05 03:28:56,699 INFO o.a.j.t.JMeterThread: Stopping because end time detected by thread: Scenario B - Analytics Ingest and Job Write 2-43
2026-05-05 03:28:56,699 INFO o.a.j.t.JMeterThread: Thread finished: Scenario B - Analytics Ingest and Job Write 2-43
2026-05-05 03:28:56,724 INFO o.a.j.t.JMeterThread: Stopping because end time detected by thread: Scenario A - Job Search and Detail View 1-70
2026-05-05 03:28:56,725 INFO o.a.j.t.JMeterThread: Thread finished: Scenario A - Job Search and Detail View 1-70
2026-05-05 03:28:56,737 INFO o.a.j.t.JMeterThread: Stopping because end time detected by thread: Scenario B - Analytics Ingest and Job Write 2-47
2026-05-05 03:28:56,738 INFO o.a.j.t.JMeterThread: Thread finished: Scenario B - Analytics Ingest and Job Write 2-47
2026-05-05 03:28:56,757 INFO o.a.j.t.JMeterThread: Stopping because end time detected by thread: Scenario A - Job Search and Detail View 1-91
2026-05-05 03:28:56,758 INFO o.a.j.t.JMeterThread: Thread finished: Scenario A - Job Search and Detail View 1-91
2026-05-05 03:28:56,783 INFO o.a.j.t.JMeterThread: Stopping because end time detected by thread: Scenario A - Job Search and Detail View 1-12
2026-05-05 03:28:56,783 INFO o.a.j.t.JMeterThread: Thread finished: Scenario A - Job Search and Detail View 1-12
2026-05-05 03:28:56,868 INFO o.a.j.t.JMeterThread: Stopping because end time detected by thread: Scenario B - Analytics Ingest and Job Write 2-98
2026-05-05 03:28:56,869 INFO o.a.j.t.JMeterThread: Thread finished: Scenario B - Analytics Ingest and Job Write 2-98
2026-05-05 03:28:56,941 INFO o.a.j.t.JMeterThread: Stopping because end time detected by thread: Scenario B - Analytics Ingest and Job Write 2-1
2026-05-05 03:28:56,942 INFO o.a.j.t.JMeterThread: Thread finished: Scenario B - Analytics Ingest and Job Write 2-1
2026-05-05 03:28:56,982 INFO o.a.j.t.JMeterThread: Stopping because end time detected by thread: Scenario B - Analytics Ingest and Job Write 2-34
2026-05-05 03:28:56,982 INFO o.a.j.t.JMeterThread: Thread finished: Scenario B - Analytics Ingest and Job Write 2-34
2026-05-05 03:28:56,991 INFO o.a.j.t.JMeterThread: Stopping because end time detected by thread: Scenario B - Analytics Ingest and Job Write 2-36
2026-05-05 03:28:56,991 INFO o.a.j.t.JMeterThread: Thread finished: Scenario B - Analytics Ingest and Job Write 2-36
2026-05-05 03:28:56,993 INFO o.a.j.t.JMeterThread: Stopping because end time detected by thread: Scenario B - Analytics Ingest and Job Write 2-65
2026-05-05 03:28:56,993 INFO o.a.j.t.JMeterThread: Thread finished: Scenario B - Analytics Ingest and Job Write 2-65
2026-05-05 03:28:56,999 INFO o.a.j.t.JMeterThread: Stopping because end time detected by thread: Scenario B - Analytics Ingest and Job Write 2-72
2026-05-05 03:28:56,999 INFO o.a.j.t.JMeterThread: Stopping because end time detected by thread: Scenario B - Analytics Ingest and Job Write 2-11
2026-05-05 03:28:56,999 INFO o.a.j.t.JMeterThread: Thread finished: Scenario B - Analytics Ingest and Job Write 2-72
2026-05-05 03:28:56,999 INFO o.a.j.t.JMeterThread: Thread finished: Scenario B - Analytics Ingest and Job Write 2-11
2026-05-05 03:28:57,048 INFO o.a.j.t.JMeterThread: Stopping because end time detected by thread: Scenario B - Analytics Ingest and Job Write 2-20
2026-05-05 03:28:57,048 INFO o.a.j.t.JMeterThread: Thread finished: Scenario B - Analytics Ingest and Job Write 2-20
2026-05-05 03:28:57,049 INFO o.a.j.t.JMeterThread: Stopping because end time detected by thread: Scenario A - Job Search and Detail View 1-100
2026-05-05 03:28:57,049 INFO o.a.j.t.JMeterThread: Thread finished: Scenario A - Job Search and Detail View 1-100
2026-05-05 03:28:57,052 INFO o.a.j.t.JMeterThread: Stopping because end time detected by thread: Scenario A - Job Search and Detail View 1-49
2026-05-05 03:28:57,053 INFO o.a.j.t.JMeterThread: Thread finished: Scenario A - Job Search and Detail View 1-49
2026-05-05 03:28:57,114 INFO o.a.j.t.JMeterThread: Stopping because end time detected by thread: Scenario A - Job Search and Detail View 1-92
2026-05-05 03:28:57,114 INFO o.a.j.t.JMeterThread: Thread finished: Scenario A - Job Search and Detail View 1-92
2026-05-05 03:28:57,213 INFO o.a.j.t.JMeterThread: Stopping because end time detected by thread: Scenario A - Job Search and Detail View 1-10
2026-05-05 03:28:57,213 INFO o.a.j.t.JMeterThread: Thread finished: Scenario A - Job Search and Detail View 1-10
2026-05-05 03:28:57,217 INFO o.a.j.t.JMeterThread: Stopping because end time detected by thread: Scenario B - Analytics Ingest and Job Write 2-75
2026-05-05 03:28:57,217 INFO o.a.j.t.JMeterThread: Thread finished: Scenario B - Analytics Ingest and Job Write 2-75
2026-05-05 03:28:57,217 INFO o.a.j.t.JMeterThread: Stopping because end time detected by thread: Scenario A - Job Search and Detail View 1-82
2026-05-05 03:28:57,217 INFO o.a.j.t.JMeterThread: Thread finished: Scenario A - Job Search and Detail View 1-82
2026-05-05 03:28:57,220 INFO o.a.j.t.JMeterThread: Stopping because end time detected by thread: Scenario B - Analytics Ingest and Job Write 2-9
2026-05-05 03:28:57,220 INFO o.a.j.t.JMeterThread: Thread finished: Scenario B - Analytics Ingest and Job Write 2-9
2026-05-05 03:28:57,260 INFO o.a.j.t.JMeterThread: Stopping because end time detected by thread: Scenario B - Analytics Ingest and Job Write 2-55
2026-05-05 03:28:57,260 INFO o.a.j.t.JMeterThread: Thread finished: Scenario B - Analytics Ingest and Job Write 2-55
2026-05-05 03:28:57,266 INFO o.a.j.t.JMeterThread: Stopping because end time detected by thread: Scenario B - Analytics Ingest and Job Write 2-8
2026-05-05 03:28:57,266 INFO o.a.j.t.JMeterThread: Thread finished: Scenario B - Analytics Ingest and Job Write 2-8
2026-05-05 03:28:57,268 INFO o.a.j.t.JMeterThread: Stopping because end time detected by thread: Scenario B - Analytics Ingest and Job Write 2-78
2026-05-05 03:28:57,268 INFO o.a.j.t.JMeterThread: Thread finished: Scenario B - Analytics Ingest and Job Write 2-78
2026-05-05 03:28:57,268 INFO o.a.j.t.JMeterThread: Stopping because end time detected by thread: Scenario B - Analytics Ingest and Job Write 2-95
2026-05-05 03:28:57,268 INFO o.a.j.t.JMeterThread: Thread finished: Scenario B - Analytics Ingest and Job Write 2-95
2026-05-05 03:28:57,307 INFO o.a.j.t.JMeterThread: Stopping because end time detected by thread: Scenario A - Job Search and Detail View 1-57
2026-05-05 03:28:57,307 INFO o.a.j.t.JMeterThread: Thread finished: Scenario A - Job Search and Detail View 1-57
2026-05-05 03:28:57,341 INFO o.a.j.t.JMeterThread: Stopping because end time detected by thread: Scenario B - Analytics Ingest and Job Write 2-39
2026-05-05 03:28:57,341 INFO o.a.j.t.JMeterThread: Thread finished: Scenario B - Analytics Ingest and Job Write 2-39
2026-05-05 03:28:57,397 INFO o.a.j.t.JMeterThread: Stopping because end time detected by thread: Scenario A - Job Search and Detail View 1-40
2026-05-05 03:28:57,397 INFO o.a.j.t.JMeterThread: Thread finished: Scenario A - Job Search and Detail View 1-40
2026-05-05 03:28:57,419 INFO o.a.j.t.JMeterThread: Stopping because end time detected by thread: Scenario A - Job Search and Detail View 1-27
2026-05-05 03:28:57,420 INFO o.a.j.t.JMeterThread: Thread finished: Scenario A - Job Search and Detail View 1-27
2026-05-05 03:28:57,434 INFO o.a.j.t.JMeterThread: Stopping because end time detected by thread: Scenario B - Analytics Ingest and Job Write 2-80
2026-05-05 03:28:57,435 INFO o.a.j.t.JMeterThread: Thread finished: Scenario B - Analytics Ingest and Job Write 2-80
2026-05-05 03:28:57,441 INFO o.a.j.t.JMeterThread: Stopping because end time detected by thread: Scenario B - Analytics Ingest and Job Write 2-46
2026-05-05 03:28:57,442 INFO o.a.j.t.JMeterThread: Thread finished: Scenario B - Analytics Ingest and Job Write 2-46
2026-05-05 03:28:57,446 INFO o.a.j.t.JMeterThread: Stopping because end time detected by thread: Scenario B - Analytics Ingest and Job Write 2-32
2026-05-05 03:28:57,446 INFO o.a.j.t.JMeterThread: Thread finished: Scenario B - Analytics Ingest and Job Write 2-32
2026-05-05 03:28:57,455 INFO o.a.j.t.JMeterThread: Stopping because end time detected by thread: Scenario B - Analytics Ingest and Job Write 2-58
2026-05-05 03:28:57,455 INFO o.a.j.t.JMeterThread: Thread finished: Scenario B - Analytics Ingest and Job Write 2-58
2026-05-05 03:28:57,457 INFO o.a.j.t.JMeterThread: Stopping because end time detected by thread: Scenario B - Analytics Ingest and Job Write 2-96
2026-05-05 03:28:57,457 INFO o.a.j.t.JMeterThread: Thread finished: Scenario B - Analytics Ingest and Job Write 2-96
2026-05-05 03:28:57,462 INFO o.a.j.t.JMeterThread: Stopping because end time detected by thread: Scenario B - Analytics Ingest and Job Write 2-18
2026-05-05 03:28:57,462 INFO o.a.j.t.JMeterThread: Thread finished: Scenario B - Analytics Ingest and Job Write 2-18
2026-05-05 03:28:57,465 INFO o.a.j.t.JMeterThread: Stopping because end time detected by thread: Scenario B - Analytics Ingest and Job Write 2-91
2026-05-05 03:28:57,465 INFO o.a.j.t.JMeterThread: Thread finished: Scenario B - Analytics Ingest and Job Write 2-91
2026-05-05 03:28:57,477 INFO o.a.j.t.JMeterThread: Stopping because end time detected by thread: Scenario A - Job Search and Detail View 1-5
2026-05-05 03:28:57,477 INFO o.a.j.t.JMeterThread: Thread finished: Scenario A - Job Search and Detail View 1-5
2026-05-05 03:28:57,576 INFO o.a.j.t.JMeterThread: Stopping because end time detected by thread: Scenario A - Job Search and Detail View 1-55
2026-05-05 03:28:57,577 INFO o.a.j.t.JMeterThread: Thread finished: Scenario A - Job Search and Detail View 1-55
2026-05-05 03:28:57,591 INFO o.a.j.t.JMeterThread: Stopping because end time detected by thread: Scenario B - Analytics Ingest and Job Write 2-87
2026-05-05 03:28:57,592 INFO o.a.j.t.JMeterThread: Thread finished: Scenario B - Analytics Ingest and Job Write 2-87
2026-05-05 03:28:57,658 INFO o.a.j.t.JMeterThread: Stopping because end time detected by thread: Scenario A - Job Search and Detail View 1-24
2026-05-05 03:28:57,658 INFO o.a.j.t.JMeterThread: Thread finished: Scenario A - Job Search and Detail View 1-24
2026-05-05 03:28:57,807 INFO o.a.j.t.JMeterThread: Stopping because end time detected by thread: Scenario A - Job Search and Detail View 1-17
2026-05-05 03:28:57,808 INFO o.a.j.t.JMeterThread: Thread finished: Scenario A - Job Search and Detail View 1-17
2026-05-05 03:28:57,876 INFO o.a.j.t.JMeterThread: Stopping because end time detected by thread: Scenario A - Job Search and Detail View 1-95
2026-05-05 03:28:57,877 INFO o.a.j.t.JMeterThread: Thread finished: Scenario A - Job Search and Detail View 1-95
2026-05-05 03:28:57,941 INFO o.a.j.t.JMeterThread: Stopping because end time detected by thread: Scenario B - Analytics Ingest and Job Write 2-14
2026-05-05 03:28:57,942 INFO o.a.j.t.JMeterThread: Thread finished: Scenario B - Analytics Ingest and Job Write 2-14
2026-05-05 03:28:57,963 INFO o.a.j.t.JMeterThread: Stopping because end time detected by thread: Scenario B - Analytics Ingest and Job Write 2-63
2026-05-05 03:28:57,963 INFO o.a.j.t.JMeterThread: Thread finished: Scenario B - Analytics Ingest and Job Write 2-63
2026-05-05 03:28:57,972 INFO o.a.j.t.JMeterThread: Stopping because end time detected by thread: Scenario A - Job Search and Detail View 1-8
2026-05-05 03:28:57,973 INFO o.a.j.t.JMeterThread: Thread finished: Scenario A - Job Search and Detail View 1-8
2026-05-05 03:28:58,013 INFO o.a.j.t.JMeterThread: Stopping because end time detected by thread: Scenario B - Analytics Ingest and Job Write 2-66
2026-05-05 03:28:58,014 INFO o.a.j.t.JMeterThread: Thread finished: Scenario B - Analytics Ingest and Job Write 2-66
2026-05-05 03:28:58,042 INFO o.a.j.t.JMeterThread: Stopping because end time detected by thread: Scenario B - Analytics Ingest and Job Write 2-15
2026-05-05 03:28:58,042 INFO o.a.j.t.JMeterThread: Thread finished: Scenario B - Analytics Ingest and Job Write 2-15
2026-05-05 03:28:58,174 INFO o.a.j.t.JMeterThread: Stopping because end time detected by thread: Scenario B - Analytics Ingest and Job Write 2-26
2026-05-05 03:28:58,174 INFO o.a.j.t.JMeterThread: Thread finished: Scenario B - Analytics Ingest and Job Write 2-26
2026-05-05 03:28:58,181 INFO o.a.j.t.JMeterThread: Stopping because end time detected by thread: Scenario A - Job Search and Detail View 1-46
2026-05-05 03:28:58,181 INFO o.a.j.t.JMeterThread: Thread finished: Scenario A - Job Search and Detail View 1-46
2026-05-05 03:28:58,347 INFO o.a.j.t.JMeterThread: Stopping because end time detected by thread: Scenario A - Job Search and Detail View 1-2
2026-05-05 03:28:58,347 INFO o.a.j.t.JMeterThread: Thread finished: Scenario A - Job Search and Detail View 1-2
2026-05-05 03:28:58,353 INFO o.a.j.t.JMeterThread: Stopping because end time detected by thread: Scenario A - Job Search and Detail View 1-68
2026-05-05 03:28:58,354 INFO o.a.j.t.JMeterThread: Thread finished: Scenario A - Job Search and Detail View 1-68
2026-05-05 03:28:58,386 INFO o.a.j.t.JMeterThread: Stopping because end time detected by thread: Scenario B - Analytics Ingest and Job Write 2-92
2026-05-05 03:28:58,386 INFO o.a.j.t.JMeterThread: Thread finished: Scenario B - Analytics Ingest and Job Write 2-92
2026-05-05 03:28:58,429 INFO o.a.j.t.JMeterThread: Stopping because end time detected by thread: Scenario B - Analytics Ingest and Job Write 2-16
2026-05-05 03:28:58,429 INFO o.a.j.t.JMeterThread: Thread finished: Scenario B - Analytics Ingest and Job Write 2-16
2026-05-05 03:28:58,433 INFO o.a.j.t.JMeterThread: Stopping because end time detected by thread: Scenario B - Analytics Ingest and Job Write 2-37
2026-05-05 03:28:58,433 INFO o.a.j.t.JMeterThread: Stopping because end time detected by thread: Scenario B - Analytics Ingest and Job Write 2-62
2026-05-05 03:28:58,433 INFO o.a.j.t.JMeterThread: Thread finished: Scenario B - Analytics Ingest and Job Write 2-37
2026-05-05 03:28:58,433 INFO o.a.j.t.JMeterThread: Thread finished: Scenario B - Analytics Ingest and Job Write 2-62
2026-05-05 03:28:58,483 INFO o.a.j.t.JMeterThread: Stopping because end time detected by thread: Scenario A - Job Search and Detail View 1-21
2026-05-05 03:28:58,483 INFO o.a.j.t.JMeterThread: Thread finished: Scenario A - Job Search and Detail View 1-21
2026-05-05 03:28:58,503 INFO o.a.j.t.JMeterThread: Stopping because end time detected by thread: Scenario A - Job Search and Detail View 1-11
2026-05-05 03:28:58,504 INFO o.a.j.t.JMeterThread: Thread finished: Scenario A - Job Search and Detail View 1-11
2026-05-05 03:28:58,504 INFO o.a.j.t.JMeterThread: Stopping because end time detected by thread: Scenario B - Analytics Ingest and Job Write 2-35
2026-05-05 03:28:58,504 INFO o.a.j.t.JMeterThread: Thread finished: Scenario B - Analytics Ingest and Job Write 2-35
2026-05-05 03:28:58,538 INFO o.a.j.t.JMeterThread: Stopping because end time detected by thread: Scenario B - Analytics Ingest and Job Write 2-10
2026-05-05 03:28:58,538 INFO o.a.j.t.JMeterThread: Thread finished: Scenario B - Analytics Ingest and Job Write 2-10
2026-05-05 03:28:58,551 INFO o.a.j.t.JMeterThread: Stopping because end time detected by thread: Scenario B - Analytics Ingest and Job Write 2-6
2026-05-05 03:28:58,551 INFO o.a.j.t.JMeterThread: Thread finished: Scenario B - Analytics Ingest and Job Write 2-6
2026-05-05 03:28:58,553 INFO o.a.j.t.JMeterThread: Stopping because end time detected by thread: Scenario B - Analytics Ingest and Job Write 2-67
2026-05-05 03:28:58,553 INFO o.a.j.t.JMeterThread: Thread finished: Scenario B - Analytics Ingest and Job Write 2-67
2026-05-05 03:28:58,565 INFO o.a.j.t.JMeterThread: Stopping because end time detected by thread: Scenario B - Analytics Ingest and Job Write 2-4
2026-05-05 03:28:58,565 INFO o.a.j.t.JMeterThread: Thread finished: Scenario B - Analytics Ingest and Job Write 2-4
2026-05-05 03:28:58,590 INFO o.a.j.t.JMeterThread: Stopping because end time detected by thread: Scenario A - Job Search and Detail View 1-34
2026-05-05 03:28:58,590 INFO o.a.j.t.JMeterThread: Thread finished: Scenario A - Job Search and Detail View 1-34
2026-05-05 03:28:58,617 INFO o.a.j.t.JMeterThread: Stopping because end time detected by thread: Scenario A - Job Search and Detail View 1-96
2026-05-05 03:28:58,618 INFO o.a.j.t.JMeterThread: Thread finished: Scenario A - Job Search and Detail View 1-96
2026-05-05 03:28:58,627 INFO o.a.j.t.JMeterThread: Stopping because end time detected by thread: Scenario A - Job Search and Detail View 1-14
2026-05-05 03:28:58,627 INFO o.a.j.t.JMeterThread: Stopping because end time detected by thread: Scenario A - Job Search and Detail View 1-63
2026-05-05 03:28:58,628 INFO o.a.j.t.JMeterThread: Thread finished: Scenario A - Job Search and Detail View 1-14
2026-05-05 03:28:58,628 INFO o.a.j.t.JMeterThread: Thread finished: Scenario A - Job Search and Detail View 1-63
2026-05-05 03:28:58,709 INFO o.a.j.t.JMeterThread: Stopping because end time detected by thread: Scenario A - Job Search and Detail View 1-13
2026-05-05 03:28:58,710 INFO o.a.j.t.JMeterThread: Thread finished: Scenario A - Job Search and Detail View 1-13
2026-05-05 03:28:58,711 INFO o.a.j.t.JMeterThread: Stopping because end time detected by thread: Scenario B - Analytics Ingest and Job Write 2-88
2026-05-05 03:28:58,712 INFO o.a.j.t.JMeterThread: Thread finished: Scenario B - Analytics Ingest and Job Write 2-88
2026-05-05 03:28:58,749 INFO o.a.j.t.JMeterThread: Stopping because end time detected by thread: Scenario A - Job Search and Detail View 1-6
2026-05-05 03:28:58,749 INFO o.a.j.t.JMeterThread: Thread finished: Scenario A - Job Search and Detail View 1-6
2026-05-05 03:28:58,755 INFO o.a.j.t.JMeterThread: Stopping because end time detected by thread: Scenario A - Job Search and Detail View 1-48
2026-05-05 03:28:58,755 INFO o.a.j.t.JMeterThread: Thread finished: Scenario A - Job Search and Detail View 1-48
2026-05-05 03:28:58,767 INFO o.a.j.t.JMeterThread: Stopping because end time detected by thread: Scenario A - Job Search and Detail View 1-28
2026-05-05 03:28:58,768 INFO o.a.j.t.JMeterThread: Thread finished: Scenario A - Job Search and Detail View 1-28
2026-05-05 03:28:58,808 INFO o.a.j.t.JMeterThread: Stopping because end time detected by thread: Scenario A - Job Search and Detail View 1-77
2026-05-05 03:28:58,808 INFO o.a.j.t.JMeterThread: Thread finished: Scenario A - Job Search and Detail View 1-77
2026-05-05 03:28:58,819 INFO o.a.j.t.JMeterThread: Stopping because end time detected by thread: Scenario B - Analytics Ingest and Job Write 2-30
2026-05-05 03:28:58,819 INFO o.a.j.t.JMeterThread: Thread finished: Scenario B - Analytics Ingest and Job Write 2-30
2026-05-05 03:28:58,843 INFO o.a.j.t.JMeterThread: Stopping because end time detected by thread: Scenario A - Job Search and Detail View 1-60
2026-05-05 03:28:58,843 INFO o.a.j.t.JMeterThread: Stopping because end time detected by thread: Scenario A - Job Search and Detail View 1-94
2026-05-05 03:28:58,844 INFO o.a.j.t.JMeterThread: Thread finished: Scenario A - Job Search and Detail View 1-60
2026-05-05 03:28:58,844 INFO o.a.j.t.JMeterThread: Thread finished: Scenario A - Job Search and Detail View 1-94
2026-05-05 03:28:58,905 INFO o.a.j.t.JMeterThread: Stopping because end time detected by thread: Scenario A - Job Search and Detail View 1-50
2026-05-05 03:28:58,905 INFO o.a.j.t.JMeterThread: Thread finished: Scenario A - Job Search and Detail View 1-50
2026-05-05 03:28:58,909 INFO o.a.j.t.JMeterThread: Stopping because end time detected by thread: Scenario A - Job Search and Detail View 1-64
2026-05-05 03:28:58,909 INFO o.a.j.t.JMeterThread: Thread finished: Scenario A - Job Search and Detail View 1-64
2026-05-05 03:28:58,925 INFO o.a.j.t.JMeterThread: Stopping because end time detected by thread: Scenario A - Job Search and Detail View 1-7
2026-05-05 03:28:58,926 INFO o.a.j.t.JMeterThread: Thread finished: Scenario A - Job Search and Detail View 1-7
2026-05-05 03:28:58,956 INFO o.a.j.t.JMeterThread: Stopping because end time detected by thread: Scenario A - Job Search and Detail View 1-54
2026-05-05 03:28:58,957 INFO o.a.j.t.JMeterThread: Thread finished: Scenario A - Job Search and Detail View 1-54
2026-05-05 03:28:58,966 INFO o.a.j.t.JMeterThread: Stopping because end time detected by thread: Scenario B - Analytics Ingest and Job Write 2-2
2026-05-05 03:28:58,966 INFO o.a.j.t.JMeterThread: Thread finished: Scenario B - Analytics Ingest and Job Write 2-2
2026-05-05 03:28:59,019 INFO o.a.j.t.JMeterThread: Stopping because end time detected by thread: Scenario A - Job Search and Detail View 1-58
2026-05-05 03:28:59,020 INFO o.a.j.t.JMeterThread: Thread finished: Scenario A - Job Search and Detail View 1-58
2026-05-05 03:28:59,090 INFO o.a.j.t.JMeterThread: Stopping because end time detected by thread: Scenario B - Analytics Ingest and Job Write 2-53
2026-05-05 03:28:59,091 INFO o.a.j.t.JMeterThread: Thread finished: Scenario B - Analytics Ingest and Job Write 2-53
2026-05-05 03:28:59,115 INFO o.a.j.t.JMeterThread: Stopping because end time detected by thread: Scenario B - Analytics Ingest and Job Write 2-44
2026-05-05 03:28:59,116 INFO o.a.j.t.JMeterThread: Thread finished: Scenario B - Analytics Ingest and Job Write 2-44
2026-05-05 03:28:59,117 INFO o.a.j.t.JMeterThread: Stopping because end time detected by thread: Scenario A - Job Search and Detail View 1-78
2026-05-05 03:28:59,117 INFO o.a.j.t.JMeterThread: Thread finished: Scenario A - Job Search and Detail View 1-78
2026-05-05 03:28:59,118 INFO o.a.j.t.JMeterThread: Stopping because end time detected by thread: Scenario A - Job Search and Detail View 1-35
2026-05-05 03:28:59,118 INFO o.a.j.t.JMeterThread: Thread finished: Scenario A - Job Search and Detail View 1-35
2026-05-05 03:28:59,179 INFO o.a.j.t.JMeterThread: Stopping because end time detected by thread: Scenario A - Job Search and Detail View 1-80
2026-05-05 03:28:59,179 INFO o.a.j.t.JMeterThread: Thread finished: Scenario A - Job Search and Detail View 1-80
2026-05-05 03:28:59,270 INFO o.a.j.t.JMeterThread: Stopping because end time detected by thread: Scenario B - Analytics Ingest and Job Write 2-64
2026-05-05 03:28:59,270 INFO o.a.j.t.JMeterThread: Thread finished: Scenario B - Analytics Ingest and Job Write 2-64
2026-05-05 03:28:59,271 INFO o.a.j.t.JMeterThread: Stopping because end time detected by thread: Scenario A - Job Search and Detail View 1-38
2026-05-05 03:28:59,271 INFO o.a.j.t.JMeterThread: Thread finished: Scenario A - Job Search and Detail View 1-38
2026-05-05 03:28:59,449 INFO o.a.j.t.JMeterThread: Stopping because end time detected by thread: Scenario A - Job Search and Detail View 1-53
2026-05-05 03:28:59,449 INFO o.a.j.t.JMeterThread: Thread finished: Scenario A - Job Search and Detail View 1-53
2026-05-05 03:28:59,520 INFO o.a.j.t.JMeterThread: Stopping because end time detected by thread: Scenario A - Job Search and Detail View 1-90
2026-05-05 03:28:59,520 INFO o.a.j.t.JMeterThread: Thread finished: Scenario A - Job Search and Detail View 1-90
2026-05-05 03:28:59,543 INFO o.a.j.t.JMeterThread: Stopping because end time detected by thread: Scenario A - Job Search and Detail View 1-39
2026-05-05 03:28:59,544 INFO o.a.j.t.JMeterThread: Thread finished: Scenario A - Job Search and Detail View 1-39
2026-05-05 03:28:59,573 INFO o.a.j.t.JMeterThread: Stopping because end time detected by thread: Scenario B - Analytics Ingest and Job Write 2-12
2026-05-05 03:28:59,573 INFO o.a.j.t.JMeterThread: Thread finished: Scenario B - Analytics Ingest and Job Write 2-12
2026-05-05 03:28:59,588 INFO o.a.j.t.JMeterThread: Stopping because end time detected by thread: Scenario A - Job Search and Detail View 1-61
2026-05-05 03:28:59,588 INFO o.a.j.t.JMeterThread: Thread finished: Scenario A - Job Search and Detail View 1-61
2026-05-05 03:28:59,696 INFO o.a.j.t.JMeterThread: Stopping because end time detected by thread: Scenario A - Job Search and Detail View 1-89
2026-05-05 03:28:59,697 INFO o.a.j.t.JMeterThread: Thread finished: Scenario A - Job Search and Detail View 1-89
2026-05-05 03:28:59,714 INFO o.a.j.t.JMeterThread: Stopping because end time detected by thread: Scenario B - Analytics Ingest and Job Write 2-56
2026-05-05 03:28:59,716 INFO o.a.j.t.JMeterThread: Thread finished: Scenario B - Analytics Ingest and Job Write 2-56
2026-05-05 03:28:59,781 INFO o.a.j.t.JMeterThread: Stopping because end time detected by thread: Scenario A - Job Search and Detail View 1-29
2026-05-05 03:28:59,781 INFO o.a.j.t.JMeterThread: Thread finished: Scenario A - Job Search and Detail View 1-29
2026-05-05 03:28:59,828 INFO o.a.j.t.JMeterThread: Stopping because end time detected by thread: Scenario A - Job Search and Detail View 1-18
2026-05-05 03:28:59,828 INFO o.a.j.t.JMeterThread: Thread finished: Scenario A - Job Search and Detail View 1-18
2026-05-05 03:28:59,874 INFO o.a.j.t.JMeterThread: Stopping because end time detected by thread: Scenario A - Job Search and Detail View 1-1
2026-05-05 03:28:59,874 INFO o.a.j.t.JMeterThread: Thread finished: Scenario A - Job Search and Detail View 1-1
2026-05-05 03:28:59,925 INFO o.a.j.t.JMeterThread: Stopping because end time detected by thread: Scenario B - Analytics Ingest and Job Write 2-23
2026-05-05 03:28:59,926 INFO o.a.j.t.JMeterThread: Thread finished: Scenario B - Analytics Ingest and Job Write 2-23
2026-05-05 03:29:00,072 INFO o.a.j.t.JMeterThread: Stopping because end time detected by thread: Scenario B - Analytics Ingest and Job Write 2-24
2026-05-05 03:29:00,072 INFO o.a.j.t.JMeterThread: Thread finished: Scenario B - Analytics Ingest and Job Write 2-24
2026-05-05 03:29:00,073 INFO o.a.j.r.Summariser: summary +   1297 in 00:00:30 =   43.1/s Avg:  4515 Min:     5 Max:  9915 Err:    24 (1.85%) Active: 20 Started: 200 Finished: 180
2026-05-05 03:29:00,074 INFO o.a.j.r.Summariser: summary =   2920 in 00:01:06 =   44.5/s Avg:  3808 Min:     0 Max:  9915 Err:    49 (1.68%)
2026-05-05 03:29:00,074 INFO o.a.j.t.JMeterThread: Stopping because end time detected by thread: Scenario A - Job Search and Detail View 1-72
2026-05-05 03:29:00,074 INFO o.a.j.t.JMeterThread: Thread finished: Scenario A - Job Search and Detail View 1-72
2026-05-05 03:29:00,097 INFO o.a.j.t.JMeterThread: Stopping because end time detected by thread: Scenario A - Job Search and Detail View 1-76
2026-05-05 03:29:00,098 INFO o.a.j.t.JMeterThread: Thread finished: Scenario A - Job Search and Detail View 1-76
2026-05-05 03:29:00,111 INFO o.a.j.t.JMeterThread: Stopping because end time detected by thread: Scenario B - Analytics Ingest and Job Write 2-25
2026-05-05 03:29:00,112 INFO o.a.j.t.JMeterThread: Thread finished: Scenario B - Analytics Ingest and Job Write 2-25
2026-05-05 03:29:00,161 INFO o.a.j.t.JMeterThread: Stopping because end time detected by thread: Scenario A - Job Search and Detail View 1-65
2026-05-05 03:29:00,162 INFO o.a.j.t.JMeterThread: Thread finished: Scenario A - Job Search and Detail View 1-65
2026-05-05 03:29:00,164 INFO o.a.j.t.JMeterThread: Stopping because end time detected by thread: Scenario A - Job Search and Detail View 1-30
2026-05-05 03:29:00,164 INFO o.a.j.t.JMeterThread: Thread finished: Scenario A - Job Search and Detail View 1-30
2026-05-05 03:29:00,176 INFO o.a.j.t.JMeterThread: Stopping because end time detected by thread: Scenario A - Job Search and Detail View 1-84
2026-05-05 03:29:00,176 INFO o.a.j.t.JMeterThread: Thread finished: Scenario A - Job Search and Detail View 1-84
2026-05-05 03:29:00,189 INFO o.a.j.t.JMeterThread: Stopping because end time detected by thread: Scenario A - Job Search and Detail View 1-67
2026-05-05 03:29:00,189 INFO o.a.j.t.JMeterThread: Thread finished: Scenario A - Job Search and Detail View 1-67
2026-05-05 03:29:00,209 INFO o.a.j.t.JMeterThread: Stopping because end time detected by thread: Scenario B - Analytics Ingest and Job Write 2-68
2026-05-05 03:29:00,209 INFO o.a.j.t.JMeterThread: Stopping because end time detected by thread: Scenario A - Job Search and Detail View 1-83
2026-05-05 03:29:00,209 INFO o.a.j.t.JMeterThread: Thread finished: Scenario B - Analytics Ingest and Job Write 2-68
2026-05-05 03:29:00,209 INFO o.a.j.t.JMeterThread: Thread finished: Scenario A - Job Search and Detail View 1-83
2026-05-05 03:29:00,217 INFO o.a.j.t.JMeterThread: Stopping because end time detected by thread: Scenario B - Analytics Ingest and Job Write 2-70
2026-05-05 03:29:00,218 INFO o.a.j.t.JMeterThread: Thread finished: Scenario B - Analytics Ingest and Job Write 2-70
2026-05-05 03:29:00,268 INFO o.a.j.t.JMeterThread: Stopping because end time detected by thread: Scenario A - Job Search and Detail View 1-74
2026-05-05 03:29:00,268 INFO o.a.j.t.JMeterThread: Stopping because end time detected by thread: Scenario B - Analytics Ingest and Job Write 2-33
2026-05-05 03:29:00,268 INFO o.a.j.t.JMeterThread: Thread finished: Scenario A - Job Search and Detail View 1-74
2026-05-05 03:29:00,268 INFO o.a.j.t.JMeterThread: Thread finished: Scenario B - Analytics Ingest and Job Write 2-33
2026-05-05 03:29:00,269 INFO o.a.j.t.JMeterThread: Stopping because end time detected by thread: Scenario A - Job Search and Detail View 1-26
2026-05-05 03:29:00,269 INFO o.a.j.t.JMeterThread: Thread finished: Scenario A - Job Search and Detail View 1-26
2026-05-05 03:29:00,286 INFO o.a.j.t.JMeterThread: Stopping because end time detected by thread: Scenario A - Job Search and Detail View 1-9
2026-05-05 03:29:00,286 INFO o.a.j.t.JMeterThread: Thread finished: Scenario A - Job Search and Detail View 1-9
2026-05-05 03:29:00,313 INFO o.a.j.t.JMeterThread: Stopping because end time detected by thread: Scenario A - Job Search and Detail View 1-19
2026-05-05 03:29:00,313 INFO o.a.j.t.JMeterThread: Thread finished: Scenario A - Job Search and Detail View 1-19
2026-05-05 03:29:00,320 INFO o.a.j.t.JMeterThread: Stopping because end time detected by thread: Scenario A - Job Search and Detail View 1-33
2026-05-05 03:29:00,320 INFO o.a.j.t.JMeterThread: Thread finished: Scenario A - Job Search and Detail View 1-33
2026-05-05 03:29:00,326 INFO o.a.j.t.JMeterThread: Stopping because end time detected by thread: Scenario A - Job Search and Detail View 1-71
2026-05-05 03:29:00,326 INFO o.a.j.t.JMeterThread: Thread finished: Scenario A - Job Search and Detail View 1-71
2026-05-05 03:29:00,338 INFO o.a.j.t.JMeterThread: Stopping because end time detected by thread: Scenario A - Job Search and Detail View 1-81
2026-05-05 03:29:00,338 INFO o.a.j.t.JMeterThread: Thread finished: Scenario A - Job Search and Detail View 1-81
2026-05-05 03:30:36,239 INFO o.a.j.t.JMeterThread: Stopping because end time detected by thread: Scenario B - Analytics Ingest and Job Write 2-21
2026-05-05 03:30:36,240 INFO o.a.j.t.JMeterThread: Thread finished: Scenario B - Analytics Ingest and Job Write 2-21
2026-05-05 03:30:36,242 INFO o.a.j.e.StandardJMeterEngine: Notifying test listeners of end of test
2026-05-05 03:30:36,242 INFO o.a.j.s.FileServer: Close: job_ids.csv
2026-05-05 03:30:36,266 INFO o.a.j.r.Summariser: summary +     19 in 00:01:36 =    0.2/s Avg: 12393 Min:  5841 Max: 108321 Err:     1 (5.26%) Active: 0 Started: 200 Finished: 200
2026-05-05 03:30:36,266 INFO o.a.j.r.Summariser: summary =   2939 in 00:02:42 =   18.2/s Avg:  3863 Min:     0 Max: 108321 Err:    50 (1.70%)
